Archive member included to satisfy reference by file (symbol)

/usr/lib/gcc/arm-none-eabi/4.9.3/armv7-m/libgcc.a(_aeabi_uldivmod.o)
                              obj_cc2538dk/cc2538-rf.o (__aeabi_uldivmod)
/usr/lib/gcc/arm-none-eabi/4.9.3/armv7-m/libgcc.a(bpabi.o)
                              /usr/lib/gcc/arm-none-eabi/4.9.3/armv7-m/libgcc.a(_aeabi_uldivmod.o) (__gnu_uldivmod_helper)
/usr/lib/gcc/arm-none-eabi/4.9.3/armv7-m/libgcc.a(_dvmd_tls.o)
                              /usr/lib/gcc/arm-none-eabi/4.9.3/armv7-m/libgcc.a(_aeabi_uldivmod.o) (__aeabi_ldiv0)
/usr/lib/gcc/arm-none-eabi/4.9.3/armv7-m/libgcc.a(_divdi3.o)
                              /usr/lib/gcc/arm-none-eabi/4.9.3/armv7-m/libgcc.a(bpabi.o) (__divdi3)
/usr/lib/gcc/arm-none-eabi/4.9.3/armv7-m/libgcc.a(_udivdi3.o)
                              /usr/lib/gcc/arm-none-eabi/4.9.3/armv7-m/libgcc.a(bpabi.o) (__udivdi3)
/usr/lib/gcc/arm-none-eabi/4.9.3/../../../arm-none-eabi/lib/armv7-m/libc.a(lib_a-ctype_.o)
                              obj_cc2538dk/resolv.o (__ctype_ptr__)
/usr/lib/gcc/arm-none-eabi/4.9.3/../../../arm-none-eabi/lib/armv7-m/libc.a(lib_a-memcmp.o)
                              obj_cc2538dk/slip.o (memcmp)
/usr/lib/gcc/arm-none-eabi/4.9.3/../../../arm-none-eabi/lib/armv7-m/libc.a(lib_a-memcpy.o)
                              obj_cc2538dk/dbg-snprintf.o (memcpy)
/usr/lib/gcc/arm-none-eabi/4.9.3/../../../arm-none-eabi/lib/armv7-m/libc.a(lib_a-memmove.o)
                              obj_cc2538dk/mmem.o (memmove)
/usr/lib/gcc/arm-none-eabi/4.9.3/../../../arm-none-eabi/lib/armv7-m/libc.a(lib_a-memset.o)
                              obj_cc2538dk/gpio.o (memset)
/usr/lib/gcc/arm-none-eabi/4.9.3/../../../arm-none-eabi/lib/armv7-m/libc.a(lib_a-reent.o)
                              obj_cc2538dk/syscalls.o (errno)
/usr/lib/gcc/arm-none-eabi/4.9.3/../../../arm-none-eabi/lib/armv7-m/libc.a(lib_a-strcasecmp.o)
                              obj_cc2538dk/resolv.o (strcasecmp)
/usr/lib/gcc/arm-none-eabi/4.9.3/../../../arm-none-eabi/lib/armv7-m/libc.a(lib_a-strcat.o)
                              obj_cc2538dk/resolv.o (strcat)
/usr/lib/gcc/arm-none-eabi/4.9.3/../../../arm-none-eabi/lib/armv7-m/libc.a(lib_a-strcmp.o)
                              obj_cc2538dk/cfs-coffee.o (strcmp)
/usr/lib/gcc/arm-none-eabi/4.9.3/../../../arm-none-eabi/lib/armv7-m/libc.a(lib_a-strcpy.o)
                              /usr/lib/gcc/arm-none-eabi/4.9.3/../../../arm-none-eabi/lib/armv7-m/libc.a(lib_a-strcat.o) (strcpy)
/usr/lib/gcc/arm-none-eabi/4.9.3/../../../arm-none-eabi/lib/armv7-m/libc.a(lib_a-strlen.o)
                              obj_cc2538dk/sensors.o (strlen)
/usr/lib/gcc/arm-none-eabi/4.9.3/../../../arm-none-eabi/lib/armv7-m/libc.a(lib_a-strncasecmp.o)
                              obj_cc2538dk/resolv.o (strncasecmp)
/usr/lib/gcc/arm-none-eabi/4.9.3/../../../arm-none-eabi/lib/armv7-m/libc.a(lib_a-strncat.o)
                              obj_cc2538dk/resolv.o (strncat)
/usr/lib/gcc/arm-none-eabi/4.9.3/../../../arm-none-eabi/lib/armv7-m/libc.a(lib_a-strncmp.o)
                              obj_cc2538dk/sensors.o (strncmp)
/usr/lib/gcc/arm-none-eabi/4.9.3/../../../arm-none-eabi/lib/armv7-m/libc.a(lib_a-strncpy.o)
                              obj_cc2538dk/cfs-coffee.o (strncpy)
/usr/lib/gcc/arm-none-eabi/4.9.3/../../../arm-none-eabi/lib/armv7-m/libc.a(lib_a-freer.o)
                              /usr/lib/gcc/arm-none-eabi/4.9.3/../../../arm-none-eabi/lib/armv7-m/libc.a(lib_a-reent.o) (_free_r)
/usr/lib/gcc/arm-none-eabi/4.9.3/../../../arm-none-eabi/lib/armv7-m/libc.a(lib_a-impure.o)
                              /usr/lib/gcc/arm-none-eabi/4.9.3/../../../arm-none-eabi/lib/armv7-m/libc.a(lib_a-reent.o) (_impure_ptr)
/usr/lib/gcc/arm-none-eabi/4.9.3/../../../arm-none-eabi/lib/armv7-m/libc.a(lib_a-mallocr.o)
                              /usr/lib/gcc/arm-none-eabi/4.9.3/../../../arm-none-eabi/lib/armv7-m/libc.a(lib_a-freer.o) (__malloc_current_mallinfo)
/usr/lib/gcc/arm-none-eabi/4.9.3/../../../arm-none-eabi/lib/armv7-m/libc.a(lib_a-mlock.o)
                              /usr/lib/gcc/arm-none-eabi/4.9.3/../../../arm-none-eabi/lib/armv7-m/libc.a(lib_a-freer.o) (__malloc_lock)
/usr/lib/gcc/arm-none-eabi/4.9.3/../../../arm-none-eabi/lib/armv7-m/libc.a(lib_a-sbrkr.o)
                              /usr/lib/gcc/arm-none-eabi/4.9.3/../../../arm-none-eabi/lib/armv7-m/libc.a(lib_a-freer.o) (_sbrk_r)

Allocating common symbols
Common symbol       size              file

compower_idle_activity
                    0x8               obj_cc2538dk/compower.o
uip_ds6_timer_ra    0x8               obj_cc2538dk/uip-ds6.o
usb_setup_buffer    0x8               obj_cc2538dk/usb-core.o
uip_ds6_if          0xf8              obj_cc2538dk/uip-ds6.o
resolv_event_found  0x1               obj_cc2538dk/resolv.o
uip_ds6_netif_addr_list_offset
                    0x1               obj_cc2538dk/uip-ds6.o
uip_len             0x2               obj_cc2538dk/uip6.o
[...]
Memory Configuration

Name             Origin             Length             Attributes
FLASH_FW         0x00200000         0x0007ffd4         xr
FLASH_CCA        0x0027ffd4         0x0000002c         xr
NRSRAM           0x20000000         0x00000000         xrw
FRSRAM           0x20000000         0x00008000         xrw
*default*        0x00000000         0xffffffff

Linker script and memory map

LOAD obj_cc2538dk/startup-gcc.o
LOAD obj_cc2538dk/leds.o
LOAD obj_cc2538dk/leds-arch.o
LOAD obj_cc2538dk/contiki-main.o
LOAD obj_cc2538dk/sensors.o
LOAD obj_cc2538dk/smartrf-sensors.o
LOAD obj_cc2538dk/button-sensor.o
LOAD obj_cc2538dk/als-sensor.o
LOAD obj_cc2538dk/soc.o
LOAD obj_cc2538dk/clock.o
LOAD obj_cc2538dk/rtimer-arch.o
LOAD obj_cc2538dk/uart.o
LOAD obj_cc2538dk/watchdog.o
LOAD obj_cc2538dk/nvic.o
LOAD obj_cc2538dk/cpu.o
LOAD obj_cc2538dk/sys-ctrl.o
LOAD obj_cc2538dk/gpio.o
LOAD obj_cc2538dk/ioc.o
LOAD obj_cc2538dk/spi.o
LOAD obj_cc2538dk/adc.o
LOAD obj_cc2538dk/crypto.o
LOAD obj_cc2538dk/aes.o
LOAD obj_cc2538dk/ecb.o
LOAD obj_cc2538dk/cbc.o
LOAD obj_cc2538dk/ctr.o
LOAD obj_cc2538dk/cbc-mac.o
LOAD obj_cc2538dk/gcm.o
LOAD obj_cc2538dk/ccm.o
LOAD obj_cc2538dk/sha256.o
LOAD obj_cc2538dk/cc2538-aes-128.o
LOAD obj_cc2538dk/cc2538-ccm-star.o
LOAD obj_cc2538dk/cc2538-rf.o
LOAD obj_cc2538dk/udma.o
LOAD obj_cc2538dk/lpm.o
LOAD obj_cc2538dk/pka.o
LOAD obj_cc2538dk/bignum-driver.o
LOAD obj_cc2538dk/ecc-driver.o
LOAD obj_cc2538dk/ecc-algorithm.o
LOAD obj_cc2538dk/ecc-curve.o
LOAD obj_cc2538dk/dbg.o
LOAD obj_cc2538dk/ieee-addr.o
LOAD obj_cc2538dk/slip-arch.o
LOAD obj_cc2538dk/slip.o
LOAD obj_cc2538dk/i2c.o
LOAD obj_cc2538dk/cc2538-temp-sensor.o
LOAD obj_cc2538dk/vdd3-sensor.o
LOAD obj_cc2538dk/cfs-coffee.o
LOAD obj_cc2538dk/cfs-coffee-arch.o
LOAD obj_cc2538dk/pwm.o
LOAD obj_cc2538dk/dbg-printf.o
LOAD obj_cc2538dk/dbg-snprintf.o
LOAD obj_cc2538dk/dbg-sprintf.o
LOAD obj_cc2538dk/strformat.o
LOAD obj_cc2538dk/usb-core.o
LOAD obj_cc2538dk/cdc-acm.o
LOAD obj_cc2538dk/usb-arch.o
LOAD obj_cc2538dk/usb-serial.o
LOAD obj_cc2538dk/cdc-acm-descriptors.o
LOAD obj_cc2538dk/autostart.o
LOAD obj_cc2538dk/ctimer.o
LOAD obj_cc2538dk/energest.o
LOAD obj_cc2538dk/arg.o
LOAD obj_cc2538dk/stimer.o
LOAD obj_cc2538dk/etimer.o
LOAD obj_cc2538dk/compower.o
LOAD obj_cc2538dk/process.o
LOAD obj_cc2538dk/rtimer.o
LOAD obj_cc2538dk/mt.o
LOAD obj_cc2538dk/procinit.o
LOAD obj_cc2538dk/timer.o
LOAD obj_cc2538dk/serial-line.o
LOAD obj_cc2538dk/nullradio.o
LOAD obj_cc2538dk/settings.o
LOAD obj_cc2538dk/crc16.o
LOAD obj_cc2538dk/me.o
LOAD obj_cc2538dk/ringbuf.o
LOAD obj_cc2538dk/mmem.o
LOAD obj_cc2538dk/me_tabs.o
LOAD obj_cc2538dk/ccm-star.o
LOAD obj_cc2538dk/ifft.o
LOAD obj_cc2538dk/ringbufindex.o
LOAD obj_cc2538dk/list.o
LOAD obj_cc2538dk/aes-128.o
LOAD obj_cc2538dk/trickle-timer.o
LOAD obj_cc2538dk/print-stats.o
LOAD obj_cc2538dk/memb.o
LOAD obj_cc2538dk/petsciiconv.o
LOAD obj_cc2538dk/gcr.o
LOAD obj_cc2538dk/random.o
LOAD obj_cc2538dk/assert.o
LOAD obj_cc2538dk/uip-icmp6.o
LOAD obj_cc2538dk/uip-ds6.o
LOAD obj_cc2538dk/uip-ds6-route.o
LOAD obj_cc2538dk/uip6.o
LOAD obj_cc2538dk/uip-ds6-nbr.o
LOAD obj_cc2538dk/uip-nd6.o
LOAD obj_cc2538dk/sicslowpan.o
LOAD obj_cc2538dk/slipdev.o
LOAD obj_cc2538dk/dhcpc.o
LOAD obj_cc2538dk/uip-packetqueue.o
LOAD obj_cc2538dk/tcp-socket.o
LOAD obj_cc2538dk/uip-debug.o
LOAD obj_cc2538dk/ip64-addr.o
LOAD obj_cc2538dk/uip-udp-packet.o
LOAD obj_cc2538dk/psock.o
LOAD obj_cc2538dk/tcpip.o
LOAD obj_cc2538dk/resolv.o
LOAD obj_cc2538dk/uip-nameserver.o
LOAD obj_cc2538dk/uip-split.o
LOAD obj_cc2538dk/udp-socket.o
LOAD obj_cc2538dk/simple-udp.o
LOAD obj_cc2538dk/uiplib.o
LOAD obj_cc2538dk/rpl-nbr-policy.o
LOAD obj_cc2538dk/rpl-of0.o
LOAD obj_cc2538dk/rpl-dag.o
LOAD obj_cc2538dk/rpl-timers.o
LOAD obj_cc2538dk/rpl-ext-header.o
LOAD obj_cc2538dk/rpl.o
LOAD obj_cc2538dk/rpl-mrhof.o
LOAD obj_cc2538dk/rpl-ns.o
LOAD obj_cc2538dk/rpl-icmp6.o
LOAD obj_cc2538dk/rpl-dag-root.o
LOAD obj_cc2538dk/syscalls.o
LOAD obj_cc2538dk/queuebuf.o
LOAD obj_cc2538dk/nbr-table.o
LOAD obj_cc2538dk/packetbuf.o
LOAD obj_cc2538dk/netstack.o
LOAD obj_cc2538dk/linkaddr.o
LOAD obj_cc2538dk/net-debug.o
LOAD obj_cc2538dk/link-stats.o
LOAD obj_cc2538dk/framer-nullmac.o
LOAD obj_cc2538dk/nullmac.o
LOAD obj_cc2538dk/nullrdc-noframer.o
LOAD obj_cc2538dk/frame802154e-ie.o
LOAD obj_cc2538dk/mac-sequence.o
LOAD obj_cc2538dk/nordc.o
LOAD obj_cc2538dk/csma.o
LOAD obj_cc2538dk/frame802154.o
LOAD obj_cc2538dk/mac.o
LOAD obj_cc2538dk/framer-802154.o
LOAD obj_cc2538dk/phase.o
LOAD obj_cc2538dk/nullrdc.o
LOAD obj_cc2538dk/contikimac.o
LOAD obj_cc2538dk/contikimac-framer.o
LOAD obj_cc2538dk/nullsec.o
LOAD obj_cc2538dk/anti-replay.o
LOAD obj_cc2538dk/ccm-star-packetbuf.o
LOAD obj_cc2538dk/noncoresec.o
LOAD e-health.co
START GROUP
LOAD /usr/lib/gcc/arm-none-eabi/4.9.3/armv7-m/libgcc.a
LOAD /usr/lib/gcc/arm-none-eabi/4.9.3/../../../arm-none-eabi/lib/armv7-m/libc.a
END GROUP

.text           0x00200000     0xa7ca
                0x00200000                _text = .
 *(SORT(.vectors))
 .vectors       0x00200000      0x28c obj_cc2538dk/startup-gcc.o
                0x00200000                vectors
 *(SORT(.text*))
 .text.reset_handler
                0x0020028c       0x40 obj_cc2538dk/startup-gcc.o
                0x0020028c                reset_handler
 .text.leds_init
                0x002002cc       0x14 obj_cc2538dk/leds.o
                0x002002cc                leds_init
 .text.leds_on  0x002002e0       0x10 obj_cc2538dk/leds.o
                0x002002e0                leds_on
 .text.leds_off
                0x002002f0       0x14 obj_cc2538dk/leds.o
                0x002002f0                leds_off
 .text.leds_arch_init
                0x00200304       0x10 obj_cc2538dk/leds-arch.o
                0x00200304                leds_arch_init
 .text.leds_arch_set
                0x00200314        0xc obj_cc2538dk/leds-arch.o
                0x00200314                leds_arch_set
 .text.startup.main
                0x00200320      0x19c obj_cc2538dk/contiki-main.o
                0x00200320                main
 .text.process_thread_sensors_process
                0x002004bc       0xd4 obj_cc2538dk/sensors.o
 .text.sensors_changed
                0x00200590       0x38 obj_cc2538dk/sensors.o
                0x00200590                sensors_changed
 .text.config_select
                0x002005c8       0x30 obj_cc2538dk/button-sensor.o
 .text.config_left
                0x002005f8       0x30 obj_cc2538dk/button-sensor.o
 .text.config_right
                0x00200628       0x30 obj_cc2538dk/button-sensor.o
 .text.config_up
                0x00200658       0x30 obj_cc2538dk/button-sensor.o
 .text.config_down
                0x00200688       0x30 obj_cc2538dk/button-sensor.o
 .text.btn_callback
                0x002006b8       0x64 obj_cc2538dk/button-sensor.o
 .text.button_sensor_init
                0x0020071c        0xc obj_cc2538dk/button-sensor.o
                0x0020071c                button_sensor_init
 .text.value    0x00200728       0x24 obj_cc2538dk/als-sensor.o
 .text.configure
                0x0020074c       0x54 obj_cc2538dk/als-sensor.o
 .text.soc_get_rev
                0x002007a0       0x18 obj_cc2538dk/soc.o
                0x002007a0                soc_get_rev
 .text.soc_get_sram_size
                0x002007b8       0x1c obj_cc2538dk/soc.o
                0x002007b8                soc_get_sram_size
 .text.soc_print_info
                0x002007d4       0x70 obj_cc2538dk/soc.o
                0x002007d4                soc_print_info
 .text.update_ticks
                0x00200844       0x4c obj_cc2538dk/clock.o
 .text.clock_init
                0x00200890       0x50 obj_cc2538dk/clock.o
                0x00200890                clock_init
 .text.clock_time
                0x002008e0       0x14 obj_cc2538dk/clock.o
                0x002008e0                clock_time
 .text.clock_seconds
                0x002008f4       0x14 obj_cc2538dk/clock.o
                0x002008f4                clock_seconds
 .text.clock_delay_usec
                0x00200908       0x1c obj_cc2538dk/clock.o
                0x00200908                clock_delay_usec
 .text.rtimer_arch_now
                0x00200924       0x2c obj_cc2538dk/rtimer-arch.o
                0x00200924                rtimer_arch_now
 .text.rtimer_arch_schedule
                0x00200950       0x58 obj_cc2538dk/rtimer-arch.o
                0x00200950                rtimer_arch_schedule
 .text.rtimer_isr
                0x002009a8       0x20 obj_cc2538dk/rtimer-arch.o
                0x002009a8                rtimer_isr
 .text.uart_isr
                0x002009c8       0x64 obj_cc2538dk/uart.o
 .text.uart_init
                0x00200a2c      0x1a0 obj_cc2538dk/uart.o
                0x00200a2c                uart_init
 .text.uart_set_input
                0x00200bcc       0x10 obj_cc2538dk/uart.o
                0x00200bcc                uart_set_input
 .text.uart_write_byte
                0x00200bdc       0x1c obj_cc2538dk/uart.o
                0x00200bdc                uart_write_byte
 .text.watchdog_init
                0x00200bf8        0xc obj_cc2538dk/watchdog.o
                0x00200bf8                watchdog_init
 .text.watchdog_start
                0x00200c04        0xc obj_cc2538dk/watchdog.o
                0x00200c04                watchdog_start
 .text.watchdog_periodic
                0x00200c10       0x10 obj_cc2538dk/watchdog.o
                0x00200c10                watchdog_periodic
 .text.nvic_init
                0x00200c20       0x3c obj_cc2538dk/nvic.o
                0x00200c20                nvic_init
 .text.nvic_interrupt_enable
                0x00200c5c       0x18 obj_cc2538dk/nvic.o
                0x00200c5c                nvic_interrupt_enable
 .text.nvic_interrupt_disable
                0x00200c74       0x18 obj_cc2538dk/nvic.o
                0x00200c74                nvic_interrupt_disable
 .text.nvic_interrupt_unpend
                0x00200c8c       0x18 obj_cc2538dk/nvic.o
                0x00200c8c                nvic_interrupt_unpend
 .text.sys_ctrl_get_reset_cause
                0x00200ca4       0x10 obj_cc2538dk/sys-ctrl.o
                0x00200ca4                sys_ctrl_get_reset_cause
 .text.sys_ctrl_get_reset_cause_str
                0x00200cb4       0x14 obj_cc2538dk/sys-ctrl.o
                0x00200cb4                sys_ctrl_get_reset_cause_str
 .text.sys_ctrl_init
                0x00200cc8       0x74 obj_cc2538dk/sys-ctrl.o
                0x00200cc8                sys_ctrl_init
 .text.sys_ctrl_get_sys_clock
                0x00200d3c       0x18 obj_cc2538dk/sys-ctrl.o
                0x00200d3c                sys_ctrl_get_sys_clock
 .text.sys_ctrl_get_io_clock
                0x00200d54       0x18 obj_cc2538dk/sys-ctrl.o
                0x00200d54                sys_ctrl_get_io_clock
 .text.gpio_register_callback
                0x00200d6c       0x10 obj_cc2538dk/gpio.o
                0x00200d6c                gpio_register_callback
 .text.notify   0x00200d7c       0x30 obj_cc2538dk/gpio.o
                0x00200d7c                notify
 .text.gpio_port_isr
                0x00200dac       0x48 obj_cc2538dk/gpio.o
 .text.gpio_init
                0x00200df4       0x10 obj_cc2538dk/gpio.o
                0x00200df4                gpio_init
 .text.ioc_init
                0x00200e04       0x1c obj_cc2538dk/ioc.o
                0x00200e04                ioc_init
 .text.ioc_set_over
                0x00200e20       0x14 obj_cc2538dk/ioc.o
                0x00200e20                ioc_set_over
 .text.ioc_set_sel
                0x00200e34       0x14 obj_cc2538dk/ioc.o
                0x00200e34                ioc_set_sel
 .text.adc_init
                0x00200e48       0x10 obj_cc2538dk/adc.o
                0x00200e48                adc_init
 .text.adc_get  0x00200e58       0x78 obj_cc2538dk/adc.o
                0x00200e58                adc_get
 .text.crypto_isr
                0x00200ed0       0x24 obj_cc2538dk/crypto.o
                0x00200ed0                crypto_isr
 .text.crypto_enable
                0x00200ef4       0x20 obj_cc2538dk/crypto.o
                0x00200ef4                crypto_enable
 .text.crypto_init
                0x00200f14       0x34 obj_cc2538dk/crypto.o
                0x00200f14                crypto_init
 .text.crypto_disable
                0x00200f48       0x20 obj_cc2538dk/crypto.o
                0x00200f48                crypto_disable
 .text.on       0x00200f68       0x2c obj_cc2538dk/cc2538-rf.o
 .text.off      0x00200f94       0x40 obj_cc2538dk/cc2538-rf.o
 .text.set_channel
                0x00200fd4       0x48 obj_cc2538dk/cc2538-rf.o
 .text.channel_clear
                0x0020101c       0x3c obj_cc2538dk/cc2538-rf.o
 .text.receiving_packet
                0x00201058       0x18 obj_cc2538dk/cc2538-rf.o
 .text.pending_packet
                0x00201070       0x10 obj_cc2538dk/cc2538-rf.o
 .text.get_value
                0x00201080      0x164 obj_cc2538dk/cc2538-rf.o
 .text.prepare  0x002011e4       0x64 obj_cc2538dk/cc2538-rf.o
 .text.transmit
                0x00201248       0x98 obj_cc2538dk/cc2538-rf.o
 .text.set_frame_filtering
                0x002012e0       0x18 obj_cc2538dk/cc2538-rf.o
 .text.set_object
                0x002012f8       0x30 obj_cc2538dk/cc2538-rf.o
 .text.read     0x00201328       0xe4 obj_cc2538dk/cc2538-rf.o
 .text.set_poll_mode
                0x0020140c       0x8c obj_cc2538dk/cc2538-rf.o
 .text.set_value
                0x00201498       0xe8 obj_cc2538dk/cc2538-rf.o
 .text.init     0x00201580       0xc4 obj_cc2538dk/cc2538-rf.o
 .text.process_thread_cc2538_rf_process
                0x00201644       0x90 obj_cc2538dk/cc2538-rf.o
 .text.get_object
                0x002016d4      0x144 obj_cc2538dk/cc2538-rf.o
 .text.cc2538_rf_rx_tx_isr
                0x00201818       0x24 obj_cc2538dk/cc2538-rf.o
                0x00201818                cc2538_rf_rx_tx_isr
 .text.cc2538_rf_err_isr
                0x0020183c       0x28 obj_cc2538dk/cc2538-rf.o
                0x0020183c                cc2538_rf_err_isr
 .text.udma_init
                0x00201864       0x30 obj_cc2538dk/udma.o
                0x00201864                udma_init
 .text.udma_set_channel_src
                0x00201894       0x10 obj_cc2538dk/udma.o
                0x00201894                udma_set_channel_src
 .text.udma_set_channel_dst
                0x002018a4       0x14 obj_cc2538dk/udma.o
                0x002018a4                udma_set_channel_dst
 .text.udma_set_channel_control_word
                0x002018b8       0x14 obj_cc2538dk/udma.o
                0x002018b8                udma_set_channel_control_word
 .text.udma_channel_enable
                0x002018cc       0x18 obj_cc2538dk/udma.o
                0x002018cc                udma_channel_enable
 .text.udma_channel_mask_set
                0x002018e4       0x18 obj_cc2538dk/udma.o
                0x002018e4                udma_channel_mask_set
 .text.udma_channel_sw_request
                0x002018fc       0x18 obj_cc2538dk/udma.o
                0x002018fc                udma_channel_sw_request
 .text.udma_channel_get_mode
                0x00201914       0x1c obj_cc2538dk/udma.o
                0x00201914                udma_channel_get_mode
 .text.udma_isr
                0x00201930       0x10 obj_cc2538dk/udma.o
                0x00201930                udma_isr
 .text.udma_err_isr
                0x00201940        0xc obj_cc2538dk/udma.o
                0x00201940                udma_err_isr
 .text.pka_isr  0x0020194c       0x24 obj_cc2538dk/pka.o
                0x0020194c                pka_isr
 .text.ieee_addr_cpy_to
                0x00201970       0x74 obj_cc2538dk/ieee-addr.o
                0x00201970                ieee_addr_cpy_to
 .text.printf   0x002019e4       0x20 obj_cc2538dk/dbg-printf.o
                0x002019e4                printf
 .text.fill_space
                0x00201a04       0x34 obj_cc2538dk/strformat.o
 .text.format_str_v
                0x00201a38      0x6e8 obj_cc2538dk/strformat.o
                0x00201a38                format_str_v
 .text.process_thread_ctimer_process
                0x00202120       0x80 obj_cc2538dk/ctimer.o
 .text.ctimer_init
                0x002021a0       0x28 obj_cc2538dk/ctimer.o
                0x002021a0                ctimer_init
 .text.ctimer_set_with_process
                0x002021c8       0x44 obj_cc2538dk/ctimer.o
                0x002021c8                ctimer_set_with_process
 .text.ctimer_set
                0x0020220c       0x14 obj_cc2538dk/ctimer.o
                0x0020220c                ctimer_set
 .text.ctimer_reset
                0x00202220       0x38 obj_cc2538dk/ctimer.o
                0x00202220                ctimer_reset
 .text.ctimer_restart
                0x00202258       0x38 obj_cc2538dk/ctimer.o
                0x00202258                ctimer_restart
 .text.ctimer_stop
                0x00202290       0x2c obj_cc2538dk/ctimer.o
                0x00202290                ctimer_stop
 .text.stimer_expired
                0x002022bc       0x20 obj_cc2538dk/stimer.o
                0x002022bc                stimer_expired
 .text.update_time
                0x002022dc       0x44 obj_cc2538dk/etimer.o
 .text.etimer_request_poll
                0x00202320        0xc obj_cc2538dk/etimer.o
                0x00202320                etimer_request_poll
 .text.process_thread_etimer_process
                0x0020232c       0x94 obj_cc2538dk/etimer.o
 .text.add_timer
                0x002023c0       0x40 obj_cc2538dk/etimer.o
 .text.etimer_pending
                0x00202400       0x10 obj_cc2538dk/etimer.o
                0x00202400                etimer_pending
 .text.etimer_stop
                0x00202410       0x34 obj_cc2538dk/etimer.o
                0x00202410                etimer_stop
 .text.call_process.part.0
                0x00202444       0x38 obj_cc2538dk/process.o
 .text.exit_process
                0x0020247c       0x80 obj_cc2538dk/process.o
 .text.do_poll  0x002024fc       0x30 obj_cc2538dk/process.o
 .text.process_alloc_event
                0x0020252c       0x10 obj_cc2538dk/process.o
                0x0020252c                process_alloc_event
 .text.process_init
                0x0020253c       0x30 obj_cc2538dk/process.o
                0x0020253c                process_init
 .text.process_run
                0x0020256c       0x84 obj_cc2538dk/process.o
                0x0020256c                process_run
 .text.process_post
                0x002025f0       0x3c obj_cc2538dk/process.o
                0x002025f0                process_post
 .text.process_post_synch
                0x0020262c       0x14 obj_cc2538dk/process.o
                0x0020262c                process_post_synch
 .text.process_start
                0x00202640       0x30 obj_cc2538dk/process.o
                0x00202640                process_start
 .text.process_poll
                0x00202670       0x18 obj_cc2538dk/process.o
                0x00202670                process_poll
 .text.rtimer_run_next
                0x00202688       0x28 obj_cc2538dk/rtimer.o
                0x00202688                rtimer_run_next
 .text.process_thread_serial_line_process
                0x002026b0       0x98 obj_cc2538dk/serial-line.o
 .text.serial_line_input_byte
                0x00202748       0x44 obj_cc2538dk/serial-line.o
                0x00202748                serial_line_input_byte
 .text.serial_line_init
                0x0020278c       0x24 obj_cc2538dk/serial-line.o
                0x0020278c                serial_line_init
 .text.random_rand
                0x002027b0       0x20 obj_cc2538dk/random.o
                0x002027b0                random_rand
 .text.random_init
                0x002027d0       0x78 obj_cc2538dk/random.o
                0x002027d0                random_init
 .text.echo_reply_input
                0x00202848       0x94 obj_cc2538dk/uip-icmp6.o
 .text.echo_request_input
                0x002028dc       0xc8 obj_cc2538dk/uip-icmp6.o
 .text.uip_icmp6_input
                0x002029a4       0x38 obj_cc2538dk/uip-icmp6.o
                0x002029a4                uip_icmp6_input
 .text.uip_icmp6_register_input_handler
                0x002029dc        0xc obj_cc2538dk/uip-icmp6.o
                0x002029dc                uip_icmp6_register_input_handler
 .text.uip_icmp6_error_output
                0x002029e8      0x144 obj_cc2538dk/uip-icmp6.o
                0x002029e8                uip_icmp6_error_output
 .text.uip_icmp6_send
                0x00202b2c       0x8c obj_cc2538dk/uip-icmp6.o
                0x00202b2c                uip_icmp6_send
 .text.uip_icmp6_init
                0x00202bb8       0x1c obj_cc2538dk/uip-icmp6.o
                0x00202bb8                uip_icmp6_init
 .text.uip_ds6_prefix_add
                0x00202bd4       0x64 obj_cc2538dk/uip-ds6.o
                0x00202bd4                uip_ds6_prefix_add
 .text.uip_ds6_is_addr_onlink
                0x00202c38       0x40 obj_cc2538dk/uip-ds6.o
                0x00202c38                uip_ds6_is_addr_onlink
 .text.uip_ds6_addr_lookup
                0x00202c78       0x2c obj_cc2538dk/uip-ds6.o
                0x00202c78                uip_ds6_addr_lookup
 .text.uip_ds6_get_link_local
                0x00202ca4       0x40 obj_cc2538dk/uip-ds6.o
                0x00202ca4                uip_ds6_get_link_local
 .text.uip_ds6_maddr_add
                0x00202ce4       0x4c obj_cc2538dk/uip-ds6.o
                0x00202ce4                uip_ds6_maddr_add
 .text.uip_ds6_addr_add
                0x00202d30       0x94 obj_cc2538dk/uip-ds6.o
                0x00202d30                uip_ds6_addr_add
 .text.uip_ds6_maddr_lookup
                0x00202dc4       0x2c obj_cc2538dk/uip-ds6.o
                0x00202dc4                uip_ds6_maddr_lookup
 .text.uip_ds6_addr_rm
                0x00202df0       0x44 obj_cc2538dk/uip-ds6.o
                0x00202df0                uip_ds6_addr_rm
 .text.uip_ds6_periodic
                0x00202e34       0x4c obj_cc2538dk/uip-ds6.o
                0x00202e34                uip_ds6_periodic
 .text.uip_ds6_select_src
                0x00202e80       0x94 obj_cc2538dk/uip-ds6.o
                0x00202e80                uip_ds6_select_src
 .text.uip_ds6_compute_reachable_time
                0x00202f14       0x28 obj_cc2538dk/uip-ds6.o
                0x00202f14                uip_ds6_compute_reachable_time
 .text.uip_ds6_init
                0x00202f3c       0xe0 obj_cc2538dk/uip-ds6.o
                0x00202f3c                uip_ds6_init
 .text.call_route_callback
                0x0020301c       0x48 obj_cc2538dk/uip-ds6-route.o
 .text.uip_ds6_route_init
                0x00203064       0x4c obj_cc2538dk/uip-ds6-route.o
                0x00203064                uip_ds6_route_init
 .text.uip_ds6_route_nexthop
                0x002030b0       0x20 obj_cc2538dk/uip-ds6-route.o
                0x002030b0                uip_ds6_route_nexthop
 .text.uip_ds6_route_head
                0x002030d0        0xc obj_cc2538dk/uip-ds6-route.o
                0x002030d0                uip_ds6_route_head
 .text.uip_ds6_route_is_nexthop
                0x002030dc       0x20 obj_cc2538dk/uip-ds6-route.o
                0x002030dc                uip_ds6_route_is_nexthop
 .text.uip_ds6_route_lookup
                0x002030fc       0x64 obj_cc2538dk/uip-ds6-route.o
                0x002030fc                uip_ds6_route_lookup
 .text.uip_ds6_route_rm
                0x00203160       0x9c obj_cc2538dk/uip-ds6-route.o
                0x00203160                uip_ds6_route_rm
 .text.rm_routelist
                0x002031fc       0x30 obj_cc2538dk/uip-ds6-route.o
 .text.uip_ds6_defrt_rm
                0x0020322c       0x44 obj_cc2538dk/uip-ds6-route.o
                0x0020322c                uip_ds6_defrt_rm
 .text.uip_ds6_defrt_lookup
                0x00203270       0x2c obj_cc2538dk/uip-ds6-route.o
                0x00203270                uip_ds6_defrt_lookup
 .text.uip_ds6_defrt_add
                0x0020329c       0x64 obj_cc2538dk/uip-ds6-route.o
                0x0020329c                uip_ds6_defrt_add
 .text.uip_ds6_defrt_choose
                0x00203300       0x30 obj_cc2538dk/uip-ds6-route.o
                0x00203300                uip_ds6_defrt_choose
 .text.uip_ds6_defrt_periodic
                0x00203330       0x30 obj_cc2538dk/uip-ds6-route.o
                0x00203330                uip_ds6_defrt_periodic
 .text.upper_layer_chksum
                0x00203360       0x54 obj_cc2538dk/uip6.o
 .text.ext_hdr_options_process
                0x002033b4       0xac obj_cc2538dk/uip6.o
 .text.uip_add32
                0x00203460       0x54 obj_cc2538dk/uip6.o
                0x00203460                uip_add32
 .text.unlikely.uip_add_rcv_nxt
                0x002034b4       0x2c obj_cc2538dk/uip6.o
 .text.uip_init
                0x002034e0       0x5c obj_cc2538dk/uip6.o
                0x002034e0                uip_init
 .text.remove_ext_hdr
                0x0020353c       0x5c obj_cc2538dk/uip6.o
                0x0020353c                remove_ext_hdr
 .text.uip_udp_new
                0x00203598       0x88 obj_cc2538dk/uip6.o
                0x00203598                uip_udp_new
 .text.uip_unlisten
                0x00203620       0x20 obj_cc2538dk/uip6.o
                0x00203620                uip_unlisten
 .text.uip_process
                0x00203640      0xd5c obj_cc2538dk/uip6.o
                0x00203640                uip_process
 .text.uip_ds6_nbr_rm
                0x0020439c       0x20 obj_cc2538dk/uip-ds6-nbr.o
                0x0020439c                uip_ds6_nbr_rm
 .text.uip_ds6_neighbors_init
                0x002043bc       0x1c obj_cc2538dk/uip-ds6-nbr.o
                0x002043bc                uip_ds6_neighbors_init
 .text.uip_ds6_nbr_add
                0x002043d8       0x3c obj_cc2538dk/uip-ds6-nbr.o
                0x002043d8                uip_ds6_nbr_add
 .text.uip_ds6_nbr_get_ll
                0x00204414       0x10 obj_cc2538dk/uip-ds6-nbr.o
                0x00204414                uip_ds6_nbr_get_ll
 .text.uip_ds6_nbr_lookup
                0x00204424       0x38 obj_cc2538dk/uip-ds6-nbr.o
                0x00204424                uip_ds6_nbr_lookup
 .text.uip_ds6_nbr_ll_lookup
                0x0020445c       0x10 obj_cc2538dk/uip-ds6-nbr.o
                0x0020445c                uip_ds6_nbr_ll_lookup
 .text.uip_ds6_link_neighbor_callback
                0x0020446c       0x34 obj_cc2538dk/uip-ds6-nbr.o
                0x0020446c                uip_ds6_link_neighbor_callback
 .text.clear_fragments
                0x002044a0       0x3c obj_cc2538dk/sicslowpan.o
 .text.sicslowpan_init
                0x002044dc       0x24 obj_cc2538dk/sicslowpan.o
                0x002044dc                sicslowpan_init
 .text.compress_addr_64
                0x00204500       0x90 obj_cc2538dk/sicslowpan.o
 .text.set_packet_attrs
                0x00204590       0x44 obj_cc2538dk/sicslowpan.o
 .text.addr_context_lookup_by_prefix
                0x002045d4       0x28 obj_cc2538dk/sicslowpan.o
 .text.send_packet
                0x002045fc       0x24 obj_cc2538dk/sicslowpan.o
 .text.packet_sent
                0x00204620       0x28 obj_cc2538dk/sicslowpan.o
 .text.store_fragment
                0x00204648       0x58 obj_cc2538dk/sicslowpan.o
 .text.uncompress_addr
                0x002046a0       0xa4 obj_cc2538dk/sicslowpan.o
 .text.output   0x00204744      0x6a0 obj_cc2538dk/sicslowpan.o
 .text.add_fragment
                0x00204de4      0x124 obj_cc2538dk/sicslowpan.o
 .text.input    0x00204f08      0x5b0 obj_cc2538dk/sicslowpan.o
 .text.uip_debug_ipaddr_print
                0x002054b8       0xa0 obj_cc2538dk/uip-debug.o
                0x002054b8                uip_debug_ipaddr_print
 .text.uip_udp_packet_send
                0x00205558       0x38 obj_cc2538dk/uip-udp-packet.o
                0x00205558                uip_udp_packet_send
 .text.start_periodic_tcp_timer
                0x00205590       0x1c obj_cc2538dk/tcpip.o
 .text.tcpip_output
                0x002055ac       0x10 obj_cc2538dk/tcpip.o
                0x002055ac                tcpip_output
 .text.tcpip_set_outputfunc
                0x002055bc        0xc obj_cc2538dk/tcpip.o
                0x002055bc                tcpip_set_outputfunc
 .text.udp_new  0x002055c8       0x18 obj_cc2538dk/tcpip.o
                0x002055c8                udp_new
 .text.tcpip_icmp6_call
                0x002055e0       0x28 obj_cc2538dk/tcpip.o
                0x002055e0                tcpip_icmp6_call
 .text.tcpip_input
                0x00205608       0x24 obj_cc2538dk/tcpip.o
                0x00205608                tcpip_input
 .text.tcpip_ipv6_output
                0x0020562c       0xc4 obj_cc2538dk/tcpip.o
                0x0020562c                tcpip_ipv6_output
 .text.process_thread_tcpip_process
                0x002056f0      0x1ac obj_cc2538dk/tcpip.o
 .text.tcpip_uipcall
                0x0020589c       0x68 obj_cc2538dk/tcpip.o
                0x0020589c                tcpip_uipcall
 .text.update_nbr
                0x00205904      0x10c obj_cc2538dk/rpl-nbr-policy.o
 .text.handle_periodic_timer
                0x00205a10       0x14 obj_cc2538dk/rpl-nbr-policy.o
 .text.find_removable_dis
                0x00205a24       0x20 obj_cc2538dk/rpl-nbr-policy.o
                0x00205a24                find_removable_dis
 .text.find_removable_dio
                0x00205a44       0x40 obj_cc2538dk/rpl-nbr-policy.o
                0x00205a44                find_removable_dio
 .text.find_removable_dao
                0x00205a84       0x38 obj_cc2538dk/rpl-nbr-policy.o
                0x00205a84                find_removable_dao
 .text.rpl_nbr_policy_find_removable
                0x00205abc       0x28 obj_cc2538dk/rpl-nbr-policy.o
                0x00205abc                rpl_nbr_policy_find_removable
 .text.rpl_set_preferred_parent
                0x00205ae4       0x28 obj_cc2538dk/rpl-dag.o
 .text.set_ip_from_prefix
                0x00205b0c       0x2c obj_cc2538dk/rpl-dag.o
 .text.find_parent_any_dag_any_instance
                0x00205b38       0x1c obj_cc2538dk/rpl-dag.o
 .text.rpl_dag_init
                0x00205b54       0x14 obj_cc2538dk/rpl-dag.o
                0x00205b54                rpl_dag_init
 .text.rpl_get_parent
                0x00205b68       0x10 obj_cc2538dk/rpl-dag.o
                0x00205b68                rpl_get_parent
 .text.rpl_get_parent_lladdr
                0x00205b78       0x10 obj_cc2538dk/rpl-dag.o
                0x00205b78                rpl_get_parent_lladdr
 .text.best_parent
                0x00205b88       0x74 obj_cc2538dk/rpl-dag.o
 .text.rpl_alloc_instance
                0x00205bfc       0x34 obj_cc2538dk/rpl-dag.o
                0x00205bfc                rpl_alloc_instance
 .text.rpl_add_parent
                0x00205c30       0x30 obj_cc2538dk/rpl-dag.o
                0x00205c30                rpl_add_parent
 .text.rpl_remove_parent
                0x00205c60       0x1c obj_cc2538dk/rpl-dag.o
                0x00205c60                rpl_remove_parent
 .text.remove_parents.constprop.4
                0x00205c7c       0x2c obj_cc2538dk/rpl-dag.o
 .text.rpl_get_dag
                0x00205ca8       0x3c obj_cc2538dk/rpl-dag.o
                0x00205ca8                rpl_get_dag
 .text.rpl_get_any_dag
                0x00205ce4       0x18 obj_cc2538dk/rpl-dag.o
                0x00205ce4                rpl_get_any_dag
 .text.rpl_get_instance
                0x00205cfc       0x20 obj_cc2538dk/rpl-dag.o
                0x00205cfc                rpl_get_instance
 .text.rpl_find_of
                0x00205d1c       0x14 obj_cc2538dk/rpl-dag.o
                0x00205d1c                rpl_find_of
 .text.rpl_join_instance
                0x00205d30      0x140 obj_cc2538dk/rpl-dag.o
                0x00205d30                rpl_join_instance
 .text.rpl_local_repair
                0x00205e70       0x70 obj_cc2538dk/rpl-dag.o
                0x00205e70                rpl_local_repair
 .text.rpl_recalculate_ranks
                0x00205ee0       0x3c obj_cc2538dk/rpl-dag.o
                0x00205ee0                rpl_recalculate_ranks
 .text.new_dio_interval
                0x00205f1c       0x58 obj_cc2538dk/rpl-timers.o
 .text.handle_periodic_timer
                0x00205f74       0x4c obj_cc2538dk/rpl-timers.o
 .text.set_dao_lifetime_timer
                0x00205fc0       0x4c obj_cc2538dk/rpl-timers.o
 .text.handle_dio_timer
                0x0020600c       0x80 obj_cc2538dk/rpl-timers.o
 .text.schedule_dao
                0x0020608c       0x54 obj_cc2538dk/rpl-timers.o
 .text.handle_dao_timer
                0x002060e0       0x58 obj_cc2538dk/rpl-timers.o
 .text.rpl_reset_periodic_timer
                0x00206138       0x34 obj_cc2538dk/rpl-timers.o
                0x00206138                rpl_reset_periodic_timer
 .text.rpl_schedule_unicast_dio_immediately
                0x0020616c       0x14 obj_cc2538dk/rpl-timers.o
                0x0020616c                rpl_schedule_unicast_dio_immediately
 .text.get_probing_target
                0x00206180       0xd4 obj_cc2538dk/rpl-timers.o
                0x00206180                get_probing_target
 .text.rpl_schedule_probing
                0x00206254       0x20 obj_cc2538dk/rpl-timers.o
                0x00206254                rpl_schedule_probing
 .text.update_hbh_header
                0x00206274       0x68 obj_cc2538dk/rpl-ext-header.o
 .text.insert_hbh_header
                0x002062dc       0xb0 obj_cc2538dk/rpl-ext-header.o
 .text.rpl_verify_hbh_header
                0x0020638c       0xf4 obj_cc2538dk/rpl-ext-header.o
                0x0020638c                rpl_verify_hbh_header
 .text.rpl_srh_get_next_hop
                0x00206480       0xb8 obj_cc2538dk/rpl-ext-header.o
                0x00206480                rpl_srh_get_next_hop
 .text.rpl_process_srh_header
                0x00206538       0xd8 obj_cc2538dk/rpl-ext-header.o
                0x00206538                rpl_process_srh_header
 .text.rpl_remove_header
                0x00206610       0x7c obj_cc2538dk/rpl-ext-header.o
                0x00206610                rpl_remove_header
 .text.rpl_update_header
                0x0020668c      0x228 obj_cc2538dk/rpl-ext-header.o
                0x0020668c                rpl_update_header
 .text.rpl_get_mode
                0x002068b4        0xc obj_cc2538dk/rpl.o
                0x002068b4                rpl_get_mode
 .text.rpl_link_neighbor_callback
                0x002068c0       0x54 obj_cc2538dk/rpl.o
                0x002068c0                rpl_link_neighbor_callback
 .text.rpl_ipv6_neighbor_callback
                0x00206914       0x28 obj_cc2538dk/rpl.o
                0x00206914                rpl_ipv6_neighbor_callback
 .text.rpl_purge_dags
                0x0020693c       0x3c obj_cc2538dk/rpl.o
                0x0020693c                rpl_purge_dags
 .text.rpl_init
                0x00206978       0x50 obj_cc2538dk/rpl.o
                0x00206978                rpl_init
 .text.rpl_ns_get_node
                0x002069c8       0x2c obj_cc2538dk/rpl-ns.o
                0x002069c8                rpl_ns_get_node
 .text.rpl_ns_update_node
                0x002069f4       0xa4 obj_cc2538dk/rpl-ns.o
                0x002069f4                rpl_ns_update_node
 .text.rpl_ns_init
                0x00206a98       0x24 obj_cc2538dk/rpl-ns.o
                0x00206a98                rpl_ns_init
 .text.rpl_ns_periodic
                0x00206abc       0x6c obj_cc2538dk/rpl-ns.o
                0x00206abc                rpl_ns_periodic
 .text.dao_ack_input
                0x00206b28       0x14 obj_cc2538dk/rpl-icmp6.o
 .text.dao_input
                0x00206b3c      0x118 obj_cc2538dk/rpl-icmp6.o
 .text.dio_input
                0x00206c54      0x250 obj_cc2538dk/rpl-icmp6.o
 .text.dis_output
                0x00206ea4       0x54 obj_cc2538dk/rpl-icmp6.o
                0x00206ea4                dis_output
 .text.dio_output
                0x00206ef8      0x218 obj_cc2538dk/rpl-icmp6.o
                0x00206ef8                dio_output
 .text.dis_input
                0x00207110       0x50 obj_cc2538dk/rpl-icmp6.o
 .text.dao_output_target
                0x00207160      0x100 obj_cc2538dk/rpl-icmp6.o
                0x00207160                dao_output_target
 .text.dao_output
                0x00207260       0x90 obj_cc2538dk/rpl-icmp6.o
                0x00207260                dao_output
 .text.rpl_icmp6_register_handlers
                0x002072f0       0x30 obj_cc2538dk/rpl-icmp6.o
                0x002072f0                rpl_icmp6_register_handlers
 .text.queuebuf_init
                0x00207320       0x1c obj_cc2538dk/queuebuf.o
                0x00207320                queuebuf_init
 .text.queuebuf_numfree
                0x0020733c        0xc obj_cc2538dk/queuebuf.o
                0x0020733c                queuebuf_numfree
 .text.queuebuf_new_from_packetbuf
                0x00207348       0x44 obj_cc2538dk/queuebuf.o
                0x00207348                queuebuf_new_from_packetbuf
 .text.queuebuf_free
                0x0020738c       0x2c obj_cc2538dk/queuebuf.o
                0x0020738c                queuebuf_free
 .text.queuebuf_to_packetbuf
                0x002073b8       0x30 obj_cc2538dk/queuebuf.o
                0x002073b8                queuebuf_to_packetbuf
 .text.key_from_index
                0x002073e8       0x18 obj_cc2538dk/nbr-table.o
 .text.index_from_key
                0x00207400       0x20 obj_cc2538dk/nbr-table.o
 .text.index_from_lladdr
                0x00207420       0x40 obj_cc2538dk/nbr-table.o
 .text.nbr_get_bit.constprop.0
                0x00207460       0x30 obj_cc2538dk/nbr-table.o
 .text.remove_key
                0x00207490       0x58 obj_cc2538dk/nbr-table.o
 .text.nbr_table_register
                0x002074e8       0x28 obj_cc2538dk/nbr-table.o
                0x002074e8                nbr_table_register
 .text.nbr_table_head
                0x00207510       0x34 obj_cc2538dk/nbr-table.o
                0x00207510                nbr_table_head
 .text.nbr_table_add_lladdr
                0x00207544      0x114 obj_cc2538dk/nbr-table.o
                0x00207544                nbr_table_add_lladdr
 .text.nbr_table_remove
                0x00207658       0x2c obj_cc2538dk/nbr-table.o
                0x00207658                nbr_table_remove
 .text.nbr_table_lock
                0x00207684       0x14 obj_cc2538dk/nbr-table.o
                0x00207684                nbr_table_lock
 .text.nbr_table_unlock
                0x00207698       0x14 obj_cc2538dk/nbr-table.o
                0x00207698                nbr_table_unlock
 .text.packetbuf_hdrreduce
                0x002076ac       0x2c obj_cc2538dk/packetbuf.o
                0x002076ac                packetbuf_hdrreduce
 .text.packetbuf_set_datalen
                0x002076d8        0xc obj_cc2538dk/packetbuf.o
                0x002076d8                packetbuf_set_datalen
 .text.packetbuf_hdrptr
                0x002076e4        0x8 obj_cc2538dk/packetbuf.o
                0x002076e4                packetbuf_hdrptr
 .text.packetbuf_datalen
                0x002076ec        0xc obj_cc2538dk/packetbuf.o
                0x002076ec                packetbuf_datalen
 .text.packetbuf_hdrlen
                0x002076f8       0x18 obj_cc2538dk/packetbuf.o
                0x002076f8                packetbuf_hdrlen
 .text.packetbuf_dataptr
                0x00207710       0x10 obj_cc2538dk/packetbuf.o
                0x00207710                packetbuf_dataptr
 .text.packetbuf_copyto
                0x00207720       0x40 obj_cc2538dk/packetbuf.o
                0x00207720                packetbuf_copyto
 .text.packetbuf_totlen
                0x00207760       0x14 obj_cc2538dk/packetbuf.o
                0x00207760                packetbuf_totlen
 .text.packetbuf_hdralloc
                0x00207774       0x3c obj_cc2538dk/packetbuf.o
                0x00207774                packetbuf_hdralloc
 .text.packetbuf_attr_clear
                0x002077b0       0x34 obj_cc2538dk/packetbuf.o
                0x002077b0                packetbuf_attr_clear
 .text.packetbuf_clear
                0x002077e4       0x20 obj_cc2538dk/packetbuf.o
                0x002077e4                packetbuf_clear
 .text.packetbuf_copyfrom
                0x00207804       0x2c obj_cc2538dk/packetbuf.o
                0x00207804                packetbuf_copyfrom
 .text.packetbuf_attr_copyto
                0x00207830       0x34 obj_cc2538dk/packetbuf.o
                0x00207830                packetbuf_attr_copyto
 .text.packetbuf_attr_copyfrom
                0x00207864       0x34 obj_cc2538dk/packetbuf.o
                0x00207864                packetbuf_attr_copyfrom
 .text.packetbuf_set_attr
                0x00207898       0x10 obj_cc2538dk/packetbuf.o
                0x00207898                packetbuf_set_attr
 .text.packetbuf_attr
                0x002078a8        0xc obj_cc2538dk/packetbuf.o
                0x002078a8                packetbuf_attr
 .text.packetbuf_set_addr
                0x002078b4       0x18 obj_cc2538dk/packetbuf.o
                0x002078b4                packetbuf_set_addr
 .text.packetbuf_addr
                0x002078cc       0x10 obj_cc2538dk/packetbuf.o
                0x002078cc                packetbuf_addr
 .text.packetbuf_holds_broadcast
                0x002078dc       0x10 obj_cc2538dk/packetbuf.o
                0x002078dc                packetbuf_holds_broadcast
 .text.netstack_init
                0x002078ec       0x38 obj_cc2538dk/netstack.o
                0x002078ec                netstack_init
 .text.periodic
                0x00207924       0x2c obj_cc2538dk/link-stats.o
 .text.link_stats_from_lladdr
                0x00207950        0xc obj_cc2538dk/link-stats.o
                0x00207950                link_stats_from_lladdr
 .text.link_stats_packet_sent
                0x0020795c       0x78 obj_cc2538dk/link-stats.o
                0x0020795c                link_stats_packet_sent
 .text.link_stats_input_callback
                0x002079d4       0x4c obj_cc2538dk/link-stats.o
                0x002079d4                link_stats_input_callback
 .text.link_stats_init
                0x00207a20       0x28 obj_cc2538dk/link-stats.o
                0x00207a20                link_stats_init
 .text.mac_sequence_is_duplicate
                0x00207a48       0x4c obj_cc2538dk/mac-sequence.o
                0x00207a48                mac_sequence_is_duplicate
 .text.mac_sequence_register_seqno
                0x00207a94       0x64 obj_cc2538dk/mac-sequence.o
                0x00207a94                mac_sequence_register_seqno
 .text.input_packet
                0x00207af8        0xc obj_cc2538dk/csma.o
 .text.on       0x00207b04        0xc obj_cc2538dk/csma.o
 .text.off      0x00207b10        0xc obj_cc2538dk/csma.o
 .text.channel_check_interval
                0x00207b1c       0x10 obj_cc2538dk/csma.o
 .text.transmit_packet_list
                0x00207b2c       0x30 obj_cc2538dk/csma.o
 .text.schedule_transmission
                0x00207b5c       0x4c obj_cc2538dk/csma.o
 .text.send_packet
                0x00207ba8      0x138 obj_cc2538dk/csma.o
 .text.init     0x00207ce0       0x24 obj_cc2538dk/csma.o
 .text.tx_done  0x00207d04       0x84 obj_cc2538dk/csma.o
 .text.frame802154_get_pan_id
                0x00207d88        0xc obj_cc2538dk/frame802154.o
                0x00207d88                frame802154_get_pan_id
 .text.frame802154_parse
                0x00207d94      0x174 obj_cc2538dk/frame802154.o
                0x00207d94                frame802154_parse
 .text.create_frame.isra.0
                0x00207f08      0x128 obj_cc2538dk/framer-802154.o
 .text.on       0x00208030        0xc obj_cc2538dk/nullrdc.o
 .text.send_one_packet
                0x0020803c      0x118 obj_cc2538dk/nullrdc.o
 .text.off      0x00208154       0x18 obj_cc2538dk/nullrdc.o
 .text.packet_input
                0x0020816c       0x54 obj_cc2538dk/nullrdc.o
 .text.input    0x002081c0        0xc obj_cc2538dk/nullsec.o
 .text.send     0x002081cc       0x20 obj_cc2538dk/nullsec.o
 .text.uart0_input_byte
                0x002081ec       0x28 e-health.co
 .text.process_thread_udp_client_process
                0x00208214      0x1cc e-health.co
 .text          0x002083e0       0x30 /usr/lib/gcc/arm-none-eabi/4.9.3/armv7-m/libgcc.a(_aeabi_uldivmod.o)
                0x002083e0                __aeabi_uldivmod
 .text          0x00208410       0x60 /usr/lib/gcc/arm-none-eabi/4.9.3/armv7-m/libgcc.a(bpabi.o)
                0x00208410                __gnu_ldivmod_helper
                0x00208440                __gnu_uldivmod_helper
 .text          0x00208470        0x4 /usr/lib/gcc/arm-none-eabi/4.9.3/armv7-m/libgcc.a(_dvmd_tls.o)
                0x00208470                __aeabi_ldiv0
                0x00208470                __aeabi_idiv0
 .text          0x00208474      0x2ac /usr/lib/gcc/arm-none-eabi/4.9.3/armv7-m/libgcc.a(_divdi3.o)
                0x00208474                __divdi3
 .text          0x00208720      0x270 /usr/lib/gcc/arm-none-eabi/4.9.3/armv7-m/libgcc.a(_udivdi3.o)
                0x00208720                __udivdi3
 .text.memcmp   0x00208990       0x64 /usr/lib/gcc/arm-none-eabi/4.9.3/../../../arm-none-eabi/lib/armv7-m/libc.a(lib_a-memcmp.o)
                0x00208990                memcmp
 .text          0x002089f4       0xec /usr/lib/gcc/arm-none-eabi/4.9.3/../../../arm-none-eabi/lib/armv7-m/libc.a(lib_a-memcpy.o)
                0x002089f4                memcpy
 .text.memmove  0x00208ae0       0xc8 /usr/lib/gcc/arm-none-eabi/4.9.3/../../../arm-none-eabi/lib/armv7-m/libc.a(lib_a-memmove.o)
                0x00208ae0                memmove
 .text.memset   0x00208ba8       0x9c /usr/lib/gcc/arm-none-eabi/4.9.3/../../../arm-none-eabi/lib/armv7-m/libc.a(lib_a-memset.o)
                0x00208ba8                memset
 .text.default_handler
                0x00208c44        0x2 obj_cc2538dk/startup-gcc.o
                0x00208c44                default_handler
 .text.nmi_handler
                0x00208c46        0x6 obj_cc2538dk/startup-gcc.o
                0x00208c46                nmi_handler
 .text.fade     0x00208c4c       0x54 obj_cc2538dk/contiki-main.o
 .text.config   0x00208ca0       0x40 obj_cc2538dk/button-sensor.o
 .text.status   0x00208ce0        0x4 obj_cc2538dk/als-sensor.o
 .text.clock_isr
                0x00208ce4        0x4 obj_cc2538dk/clock.o
                0x00208ce4                clock_isr
 .text.rtimer_arch_init
                0x00208ce8        0x2 obj_cc2538dk/rtimer-arch.o
                0x00208ce8                rtimer_arch_init
 .text.uart0_isr
                0x00208cea        0x6 obj_cc2538dk/uart.o
                0x00208cea                uart0_isr
 .text.uart1_isr
                0x00208cf0        0x6 obj_cc2538dk/uart.o
                0x00208cf0                uart1_isr
 .text.cpu_cpsie
                0x00208cf6        0x8 obj_cc2538dk/cpu.o
                0x00208cf6                cpu_cpsie
 .text.cpu_cpsid
                0x00208cfe        0x8 obj_cc2538dk/cpu.o
                0x00208cfe                cpu_cpsid
 .text.gpio_port_a_isr
                0x00208d06        0x6 obj_cc2538dk/gpio.o
                0x00208d06                gpio_port_a_isr
 .text.gpio_port_b_isr
                0x00208d0c        0x6 obj_cc2538dk/gpio.o
                0x00208d0c                gpio_port_b_isr
 .text.gpio_port_c_isr
                0x00208d12        0x6 obj_cc2538dk/gpio.o
                0x00208d12                gpio_port_c_isr
 .text.gpio_port_d_isr
                0x00208d18        0x6 obj_cc2538dk/gpio.o
                0x00208d18                gpio_port_d_isr
 .text.send     0x00208d1e       0x12 obj_cc2538dk/cc2538-rf.o
 .text.putchar  0x00208d30       0x10 obj_cc2538dk/dbg.o
                0x00208d30                putchar
 .text.dbg_send_bytes
                0x00208d40       0x20 obj_cc2538dk/dbg.o
                0x00208d40                dbg_send_bytes
 .text.puts     0x00208d60       0x20 obj_cc2538dk/dbg.o
                0x00208d60                puts
 .text.configure
                0x00208d80        0x4 obj_cc2538dk/cc2538-temp-sensor.o
 .text.status   0x00208d84        0x4 obj_cc2538dk/cc2538-temp-sensor.o
 .text.value    0x00208d88       0x34 obj_cc2538dk/cc2538-temp-sensor.o
 .text.configure
                0x00208dbc        0x4 obj_cc2538dk/vdd3-sensor.o
 .text.status   0x00208dc0        0x4 obj_cc2538dk/vdd3-sensor.o
 .text.value    0x00208dc4       0x2a obj_cc2538dk/vdd3-sensor.o
 .text.write_str
                0x00208dee       0x10 obj_cc2538dk/dbg-printf.o
 .text.autostart_start
                0x00208dfe       0x14 obj_cc2538dk/autostart.o
                0x00208dfe                autostart_start
 .text.energest_init
                0x00208e12        0x2 obj_cc2538dk/energest.o
                0x00208e12                energest_init
 .text.stimer_set
                0x00208e14        0xe obj_cc2538dk/stimer.o
                0x00208e14                stimer_set
 .text.etimer_set
                0x00208e22       0x12 obj_cc2538dk/etimer.o
                0x00208e22                etimer_set
 .text.etimer_reset
                0x00208e34       0x12 obj_cc2538dk/etimer.o
                0x00208e34                etimer_reset
 .text.etimer_restart
                0x00208e46       0x12 obj_cc2538dk/etimer.o
                0x00208e46                etimer_restart
 .text.etimer_expired
                0x00208e58        0xa obj_cc2538dk/etimer.o
                0x00208e58                etimer_expired
 .text.etimer_expiration_time
                0x00208e62        0x6 obj_cc2538dk/etimer.o
                0x00208e62                etimer_expiration_time
 .text.call_process
                0x00208e68        0xc obj_cc2538dk/process.o
 .text.rtimer_init
                0x00208e74        0x4 obj_cc2538dk/rtimer.o
                0x00208e74                rtimer_init
 .text.timer_set
                0x00208e78        0xe obj_cc2538dk/timer.o
                0x00208e78                timer_set
 .text.timer_reset
                0x00208e86        0xa obj_cc2538dk/timer.o
                0x00208e86                timer_reset
 .text.timer_restart
                0x00208e90        0xc obj_cc2538dk/timer.o
                0x00208e90                timer_restart
 .text.timer_expired
                0x00208e9c       0x1c obj_cc2538dk/timer.o
                0x00208e9c                timer_expired
 .text.ringbuf_init
                0x00208eb8        0xe obj_cc2538dk/ringbuf.o
                0x00208eb8                ringbuf_init
 .text.ringbuf_put
                0x00208ec6       0x28 obj_cc2538dk/ringbuf.o
                0x00208ec6                ringbuf_put
 .text.ringbuf_get
                0x00208eee       0x20 obj_cc2538dk/ringbuf.o
                0x00208eee                ringbuf_get
 .text.list_init
                0x00208f0e        0x6 obj_cc2538dk/list.o
                0x00208f0e                list_init
 .text.list_head
                0x00208f14        0x4 obj_cc2538dk/list.o
                0x00208f14                list_head
 .text.list_tail
                0x00208f18       0x10 obj_cc2538dk/list.o
                0x00208f18                list_tail
 .text.list_remove
                0x00208f28       0x28 obj_cc2538dk/list.o
                0x00208f28                list_remove
 .text.list_add
                0x00208f50       0x1e obj_cc2538dk/list.o
                0x00208f50                list_add
 .text.list_push
                0x00208f6e       0x12 obj_cc2538dk/list.o
                0x00208f6e                list_push
 .text.list_length
                0x00208f80        0xe obj_cc2538dk/list.o
                0x00208f80                list_length
 .text.list_item_next
                0x00208f8e        0x6 obj_cc2538dk/list.o
                0x00208f8e                list_item_next
 .text.memb_init
                0x00208f94       0x20 obj_cc2538dk/memb.o
                0x00208f94                memb_init
 .text.memb_alloc
                0x00208fb4       0x28 obj_cc2538dk/memb.o
                0x00208fb4                memb_alloc
 .text.memb_free
                0x00208fdc       0x2c obj_cc2538dk/memb.o
                0x00208fdc                memb_free
 .text.memb_inmemb
                0x00209008       0x1c obj_cc2538dk/memb.o
                0x00209008                memb_inmemb
 .text.memb_numfree
                0x00209024       0x1c obj_cc2538dk/memb.o
                0x00209024                memb_numfree
 .text.uip_ds6_list_loop
                0x00209040       0x48 obj_cc2538dk/uip-ds6.o
                0x00209040                uip_ds6_list_loop
 .text.uip_ds6_maddr_rm
                0x00209088        0x8 obj_cc2538dk/uip-ds6.o
                0x00209088                uip_ds6_maddr_rm
 .text.uip_ds6_set_addr_iid
                0x00209090       0x12 obj_cc2538dk/uip-ds6.o
                0x00209090                uip_ds6_set_addr_iid
 .text.get_match_length
                0x002090a2       0x3a obj_cc2538dk/uip-ds6.o
                0x002090a2                get_match_length
 .text.uip_ds6_route_next
                0x002090dc        0x8 obj_cc2538dk/uip-ds6-route.o
                0x002090dc                uip_ds6_route_next
 .text.rm_routelist_callback
                0x002090e4        0x4 obj_cc2538dk/uip-ds6-route.o
 .text.chksum   0x002090e8       0x38 obj_cc2538dk/uip6.o
 .text.uip_icmp6chksum
                0x00209120        0x6 obj_cc2538dk/uip6.o
                0x00209120                uip_icmp6chksum
 .text.uip_tcpchksum
                0x00209126        0x6 obj_cc2538dk/uip6.o
                0x00209126                uip_tcpchksum
 .text.uip_udpchksum
                0x0020912c        0x6 obj_cc2538dk/uip6.o
                0x0020912c                uip_udpchksum
 .text.uip_htonl
                0x00209132       0x14 obj_cc2538dk/uip6.o
                0x00209132                uip_htonl
 .text.uip_ds6_nbr_ipaddr_from_lladdr
                0x00209146        0x4 obj_cc2538dk/uip-ds6-nbr.o
                0x00209146                uip_ds6_nbr_ipaddr_from_lladdr
 .text.uip_ds6_nbr_lladdr_from_ipaddr
                0x0020914a       0x12 obj_cc2538dk/uip-ds6-nbr.o
                0x0020914a                uip_ds6_nbr_lladdr_from_ipaddr
 .text.uip_nd6_init
                0x0020915c        0x2 obj_cc2538dk/uip-nd6.o
                0x0020915c                uip_nd6_init
 .text.uip_udp_packet_sendto
                0x0020915e       0x50 obj_cc2538dk/uip-udp-packet.o
                0x0020915e                uip_udp_packet_sendto
 .text.lollipop_greater_than
                0x002091ae       0x34 obj_cc2538dk/rpl-dag.o
 .text.check_prefix
                0x002091e2       0x58 obj_cc2538dk/rpl-dag.o
 .text.rpl_rank_via_parent
                0x0020923a       0x1a obj_cc2538dk/rpl-dag.o
                0x0020923a                rpl_rank_via_parent
 .text.rpl_get_parent_ipaddr
                0x00209254        0xe obj_cc2538dk/rpl-dag.o
                0x00209254                rpl_get_parent_ipaddr
 .text.rpl_get_parent_link_stats
                0x00209262        0xe obj_cc2538dk/rpl-dag.o
                0x00209262                rpl_get_parent_link_stats
 .text.rpl_parent_is_fresh
                0x00209270        0xe obj_cc2538dk/rpl-dag.o
                0x00209270                rpl_parent_is_fresh
 .text.rpl_set_prefix
                0x0020927e       0x6c obj_cc2538dk/rpl-dag.o
                0x0020927e                rpl_set_prefix
 .text.rpl_set_default_route
                0x002092ea       0x30 obj_cc2538dk/rpl-dag.o
                0x002092ea                rpl_set_default_route
 .text.rpl_find_parent
                0x0020931a       0x16 obj_cc2538dk/rpl-dag.o
                0x0020931a                rpl_find_parent
 .text.rpl_find_parent_any_dag
                0x00209330       0x1e obj_cc2538dk/rpl-dag.o
                0x00209330                rpl_find_parent_any_dag
 .text.rpl_select_parent
                0x0020934e       0x4a obj_cc2538dk/rpl-dag.o
                0x0020934e                rpl_select_parent
 .text.rpl_select_dag
                0x00209398      0x12a obj_cc2538dk/rpl-dag.o
                0x00209398                rpl_select_dag
 .text.rpl_nullify_parent
                0x002094c2       0x40 obj_cc2538dk/rpl-dag.o
                0x002094c2                rpl_nullify_parent
 .text.nbr_callback
                0x00209502        0x4 obj_cc2538dk/rpl-dag.o
 .text.rpl_free_dag
                0x00209506       0x26 obj_cc2538dk/rpl-dag.o
                0x00209506                rpl_free_dag
 .text.rpl_move_parent
                0x0020952c       0x36 obj_cc2538dk/rpl-dag.o
                0x0020952c                rpl_move_parent
 .text.rpl_repair_root
                0x00209562       0x48 obj_cc2538dk/rpl-dag.o
                0x00209562                rpl_repair_root
 .text.rpl_alloc_dag
                0x002095aa       0x48 obj_cc2538dk/rpl-dag.o
                0x002095aa                rpl_alloc_dag
 .text.rpl_process_parent_event
                0x002095f2       0x66 obj_cc2538dk/rpl-dag.o
                0x002095f2                rpl_process_parent_event
 .text.rpl_add_dag
                0x00209658      0x112 obj_cc2538dk/rpl-dag.o
                0x00209658                rpl_add_dag
 .text.rpl_process_dio
                0x0020976a      0x2e6 obj_cc2538dk/rpl-dag.o
                0x0020976a                rpl_process_dio
 .text.handle_unicast_dio_timer
                0x00209a50       0x1c obj_cc2538dk/rpl-timers.o
 .text.rpl_reset_dio_timer
                0x00209a6c       0x1c obj_cc2538dk/rpl-timers.o
                0x00209a6c                rpl_reset_dio_timer
 .text.rpl_schedule_dao
                0x00209a88        0x8 obj_cc2538dk/rpl-timers.o
                0x00209a88                rpl_schedule_dao
 .text.get_probing_delay
                0x00209a90       0x3a obj_cc2538dk/rpl-timers.o
                0x00209a90                get_probing_delay
 .text.handle_probing_timer
                0x00209aca       0x32 obj_cc2538dk/rpl-timers.o
 .text.reset    0x00209afc        0x2 obj_cc2538dk/rpl-mrhof.o
 .text.update_metric_container
                0x00209afe        0x6 obj_cc2538dk/rpl-mrhof.o
 .text.parent_link_metric
                0x00209b04       0x12 obj_cc2538dk/rpl-mrhof.o
 .text.parent_has_usable_link
                0x00209b16       0x12 obj_cc2538dk/rpl-mrhof.o
 .text.best_dag
                0x00209b28       0x2c obj_cc2538dk/rpl-mrhof.o
 .text.parent_path_cost
                0x00209b54       0x34 obj_cc2538dk/rpl-mrhof.o
 .text.parent_is_acceptable
                0x00209b88       0x26 obj_cc2538dk/rpl-mrhof.o
 .text.rank_via_parent
                0x00209bae       0x34 obj_cc2538dk/rpl-mrhof.o
 .text.best_parent
                0x00209be2       0x68 obj_cc2538dk/rpl-mrhof.o
 .text.node_matches_address
                0x00209c4a       0x44 obj_cc2538dk/rpl-ns.o
 .text.rpl_ns_is_node_reachable
                0x00209c8e       0x2e obj_cc2538dk/rpl-ns.o
                0x00209c8e                rpl_ns_is_node_reachable
 .text.rpl_ns_expire_parent
                0x00209cbc       0x20 obj_cc2538dk/rpl-ns.o
                0x00209cbc                rpl_ns_expire_parent
 .text.rpl_ns_get_node_global_addr
                0x00209cdc       0x1c obj_cc2538dk/rpl-ns.o
                0x00209cdc                rpl_ns_get_node_global_addr
 .text.get32    0x00209cf8       0x18 obj_cc2538dk/rpl-icmp6.o
 .text.set32    0x00209d10       0x12 obj_cc2538dk/rpl-icmp6.o
 .text.get16    0x00209d22        0xc obj_cc2538dk/rpl-icmp6.o
 .text.set16    0x00209d2e        0xa obj_cc2538dk/rpl-icmp6.o
 .text.rpl_icmp6_update_nbr_table
                0x00209d38       0x2e obj_cc2538dk/rpl-icmp6.o
                0x00209d38                rpl_icmp6_update_nbr_table
 .text.queuebuf_update_attr_from_packetbuf
                0x00209d66        0xc obj_cc2538dk/queuebuf.o
                0x00209d66                queuebuf_update_attr_from_packetbuf
 .text.queuebuf_attr
                0x00209d72        0xc obj_cc2538dk/queuebuf.o
                0x00209d72                queuebuf_attr
 .text.item_from_key
                0x00209d7e       0x22 obj_cc2538dk/nbr-table.o
 .text.nbr_set_bit
                0x00209da0       0x38 obj_cc2538dk/nbr-table.o
 .text.nbr_table_next
                0x00209dd8       0x3e obj_cc2538dk/nbr-table.o
                0x00209dd8                nbr_table_next
 .text.nbr_table_get_from_lladdr
                0x00209e16       0x32 obj_cc2538dk/nbr-table.o
                0x00209e16                nbr_table_get_from_lladdr
 .text.nbr_table_get_lladdr
                0x00209e48       0x20 obj_cc2538dk/nbr-table.o
                0x00209e48                nbr_table_get_lladdr
 .text.linkaddr_copy
                0x00209e68        0xa obj_cc2538dk/linkaddr.o
                0x00209e68                linkaddr_copy
 .text.linkaddr_cmp
                0x00209e72       0x10 obj_cc2538dk/linkaddr.o
                0x00209e72                linkaddr_cmp
 .text.link_stats_is_fresh
                0x00209e82       0x24 obj_cc2538dk/link-stats.o
                0x00209e82                link_stats_is_fresh
 .text.packet_sent
                0x00209ea6       0xca obj_cc2538dk/csma.o
 .text.frame802154_has_panid
                0x00209f70       0x62 obj_cc2538dk/frame802154.o
                0x00209f70                frame802154_has_panid
 .text.field_len
                0x00209fd2       0x84 obj_cc2538dk/frame802154.o
 .text.frame802154_is_broadcast_addr
                0x0020a056       0x1e obj_cc2538dk/frame802154.o
                0x0020a056                frame802154_is_broadcast_addr
 .text.frame802154_hdrlen
                0x0020a074       0x32 obj_cc2538dk/frame802154.o
                0x0020a074                frame802154_hdrlen
 .text.frame802154_create
                0x0020a0a6       0xe6 obj_cc2538dk/frame802154.o
                0x0020a0a6                frame802154_create
 .text.mac_call_sent_callback
                0x0020a18c       0x16 obj_cc2538dk/mac.o
                0x0020a18c                mac_call_sent_callback
 .text.parse    0x0020a1a2       0x94 obj_cc2538dk/framer-802154.o
 .text.create   0x0020a236        0x6 obj_cc2538dk/framer-802154.o
 .text.hdr_length
                0x0020a23c        0x6 obj_cc2538dk/framer-802154.o
 .text.channel_check_interval
                0x0020a242        0x4 obj_cc2538dk/nullrdc.o
 .text.init     0x0020a246        0x4 obj_cc2538dk/nullrdc.o
 .text.send_list
                0x0020a24a       0x20 obj_cc2538dk/nullrdc.o
 .text.send_packet
                0x0020a26a        0x4 obj_cc2538dk/nullrdc.o
 .text.init     0x0020a26e        0x2 obj_cc2538dk/nullsec.o
 *(SORT(.rodata*))
 .rodata.button_select_sensor
                0x0020a270       0x10 obj_cc2538dk/button-sensor.o
                0x0020a270                button_select_sensor
 .rodata.button_up_sensor
                0x0020a280       0x10 obj_cc2538dk/button-sensor.o
                0x0020a280                button_up_sensor
 .rodata.button_left_sensor
                0x0020a290       0x10 obj_cc2538dk/button-sensor.o
                0x0020a290                button_left_sensor
 .rodata.button_right_sensor
                0x0020a2a0       0x10 obj_cc2538dk/button-sensor.o
                0x0020a2a0                button_right_sensor
 .rodata.button_down_sensor
                0x0020a2b0       0x10 obj_cc2538dk/button-sensor.o
                0x0020a2b0                button_down_sensor
 .rodata.als_sensor
                0x0020a2c0       0x10 obj_cc2538dk/als-sensor.o
                0x0020a2c0                als_sensor
 .rodata.uart_regs
                0x0020a2d0       0x58 obj_cc2538dk/uart.o
 .rodata.reset_cause.4692
                0x0020a328       0x10 obj_cc2538dk/sys-ctrl.o
 .rodata.output_power
                0x0020a338       0x70 obj_cc2538dk/cc2538-rf.o
 .rodata.cc2538_rf_driver
                0x0020a3a8       0x38 obj_cc2538dk/cc2538-rf.o
                0x0020a3a8                cc2538_rf_driver
 .rodata.cc2538_temp_sensor
                0x0020a3e0       0x10 obj_cc2538dk/cc2538-temp-sensor.o
                0x0020a3e0                cc2538_temp_sensor
 .rodata.vdd3_sensor
                0x0020a3f0       0x10 obj_cc2538dk/vdd3-sensor.o
                0x0020a3f0                vdd3_sensor
 .rodata.sicslowpan_driver
                0x0020a400        0xc obj_cc2538dk/sicslowpan.o
                0x0020a400                sicslowpan_driver
 .rodata.csma_driver
                0x0020a40c       0x1c obj_cc2538dk/csma.o
                0x0020a40c                csma_driver
 .rodata.framer_802154
                0x0020a428        0xc obj_cc2538dk/framer-802154.o
                0x0020a428                framer_802154
 .rodata.nullrdc_driver
                0x0020a434       0x20 obj_cc2538dk/nullrdc.o
                0x0020a434                nullrdc_driver
 .rodata.nullsec_driver
                0x0020a454       0x10 obj_cc2538dk/nullsec.o
                0x0020a454                nullsec_driver
 .rodata.autostart_processes
                0x0020a464        0x8 e-health.co
                0x0020a464                autostart_processes
 .rodata.str1.1
                0x0020a46c       0x71 obj_cc2538dk/contiki-main.o
 .rodata.str1.1
                0x0020a4dd        0x8 obj_cc2538dk/sensors.o
 .rodata.str1.1
                0x0020a4e5        0x7 obj_cc2538dk/button-sensor.o
 .rodata.str1.1
                0x0020a4ec        0x4 obj_cc2538dk/als-sensor.o
 .rodata.str1.1
                0x0020a4f0       0x94 obj_cc2538dk/soc.o
 .rodata.str1.1
                0x0020a584       0x2d obj_cc2538dk/sys-ctrl.o
 .rodata.str1.1
                0x0020a5b1       0x11 obj_cc2538dk/cc2538-rf.o
 .rodata.str1.1
                0x0020a5c2       0x14 obj_cc2538dk/cc2538-temp-sensor.o
 .rodata.str1.1
                0x0020a5d6        0x5 obj_cc2538dk/vdd3-sensor.o
 .rodata.buffer.4159
                0x0020a5db       0x10 obj_cc2538dk/strformat.o
 .rodata.str1.1
                0x0020a5eb       0x35 obj_cc2538dk/strformat.o
                                 0x37 (size before relaxing)
 .rodata.buffer.4150
                0x0020a620       0x10 obj_cc2538dk/strformat.o
 .rodata.str1.1
                0x0020a630        0xf obj_cc2538dk/ctimer.o
 .rodata.str1.1
                0x0020a63f        0xc obj_cc2538dk/etimer.o
 .rodata.str1.1
                0x0020a64b        0xe obj_cc2538dk/serial-line.o
 .rodata        0x0020a659        0x2 obj_cc2538dk/sicslowpan.o
 .rodata.ttl_values
                0x0020a65b        0x4 obj_cc2538dk/sicslowpan.o
 .rodata.unc_llconf
                0x0020a65f        0x4 obj_cc2538dk/sicslowpan.o
                0x0020a65f                unc_llconf
 .rodata.llprefix
                0x0020a663        0x2 obj_cc2538dk/sicslowpan.o
                0x0020a663                llprefix
 .rodata.unc_mxconf
                0x0020a665        0x4 obj_cc2538dk/sicslowpan.o
                0x0020a665                unc_mxconf
 .rodata.str1.1
                0x0020a669        0xb obj_cc2538dk/sicslowpan.o
 .rodata.unc_ctxconf
                0x0020a674        0x4 obj_cc2538dk/sicslowpan.o
                0x0020a674                unc_ctxconf
 .rodata.str1.1
                0x0020a678       0x28 obj_cc2538dk/uip-debug.o
 .rodata.str1.1
                0x0020a6a0        0xd obj_cc2538dk/tcpip.o
 .rodata.linkaddr_null
                0x0020a6ad        0x8 obj_cc2538dk/linkaddr.o
                0x0020a6ad                linkaddr_null
 .rodata.str1.1
                0x0020a6b5        0x5 obj_cc2538dk/csma.o
 .rodata.str1.1
                0x0020a6ba        0x8 obj_cc2538dk/nullrdc.o
 .rodata.str1.1
                0x0020a6c2        0x8 obj_cc2538dk/nullsec.o
 .rodata.str1.1
                0x0020a6ca      0x100 e-health.co
                0x0020a7ca                _etext = .

.glue_7         0x0020a7cc        0x0
 .glue_7        0x0020a7cc        0x0 linker stubs

.glue_7t        0x0020a7cc        0x0
 .glue_7t       0x0020a7cc        0x0 linker stubs

.vfp11_veneer   0x0020a7cc        0x0
 .vfp11_veneer  0x0020a7cc        0x0 linker stubs

.v4_bx          0x0020a7cc        0x0
 .v4_bx         0x0020a7cc        0x0 linker stubs

.iplt           0x0020a7cc        0x0
 .iplt          0x0020a7cc        0x0 obj_cc2538dk/startup-gcc.o

.socdata        0x20000000       0x40
 *(SORT(.udma_channel_control_table))
 .udma_channel_control_table
                0x20000000       0x40 obj_cc2538dk/udma.o

.data           0x20000040      0x1d1 load address 0x0020a7cc
                0x20000040                _data = .
 *(SORT(.data*))
 .data.sensors_process
                0x20000040       0x10 obj_cc2538dk/sensors.o
                0x20000040                sensors_process
 .data.sensors  0x20000050       0x24 obj_cc2538dk/smartrf-sensors.o
                0x20000050                sensors
 .data.cc2538_rf_process
                0x20000074       0x10 obj_cc2538dk/cc2538-rf.o
                0x20000074                cc2538_rf_process
 .data.ctxt     0x20000084        0x8 obj_cc2538dk/dbg-printf.o
 .data.ctimer_process
                0x2000008c       0x10 obj_cc2538dk/ctimer.o
                0x2000008c                ctimer_process
 .data.etimer_process
                0x2000009c       0x10 obj_cc2538dk/etimer.o
                0x2000009c                etimer_process
 .data.serial_line_process
                0x200000ac       0x10 obj_cc2538dk/serial-line.o
                0x200000ac                serial_line_process
 .data.echo_request_handler
                0x200000bc        0xc obj_cc2538dk/uip-icmp6.o
 .data.echo_reply_handler
                0x200000c8        0xc obj_cc2538dk/uip-icmp6.o
 .data.defaultroutermemb
                0x200000d4        0xc obj_cc2538dk/uip-ds6-route.o
 .data.nbr_routes_struct
                0x200000e0       0x10 obj_cc2538dk/uip-ds6-route.o
 .data.nbr_routes
                0x200000f0        0x4 obj_cc2538dk/uip-ds6-route.o
                0x200000f0                nbr_routes
 .data.routememb
                0x200000f4        0xc obj_cc2538dk/uip-ds6-route.o
 .data.neighborroutememb
                0x20000100        0xc obj_cc2538dk/uip-ds6-route.o
 .data.ds6_neighbors
                0x2000010c        0x4 obj_cc2538dk/uip-ds6-nbr.o
                0x2000010c                ds6_neighbors
 .data.ds6_neighbors_struct
                0x20000110       0x10 obj_cc2538dk/uip-ds6-nbr.o
 .data.tcpip_process
                0x20000120       0x10 obj_cc2538dk/tcpip.o
                0x20000120                tcpip_process
 .data.rpl_parents
                0x20000130        0x4 obj_cc2538dk/rpl-dag.o
                0x20000130                rpl_parents
 .data.rpl_parents_struct
                0x20000134       0x10 obj_cc2538dk/rpl-dag.o
 .data.rpl_mrhof
                0x20000144       0x24 obj_cc2538dk/rpl-mrhof.o
                0x20000144                rpl_mrhof
 .data.nodememb
                0x20000168        0xc obj_cc2538dk/rpl-ns.o
 .data.dao_ack_handler
                0x20000174        0xc obj_cc2538dk/rpl-icmp6.o
 .data.dis_handler
                0x20000180        0xc obj_cc2538dk/rpl-icmp6.o
 .data.dao_handler
                0x2000018c        0xc obj_cc2538dk/rpl-icmp6.o
 .data.dio_handler
                0x20000198        0xc obj_cc2538dk/rpl-icmp6.o
 .data.bufmem   0x200001a4        0xc obj_cc2538dk/queuebuf.o
 .data.buframmem
                0x200001b0        0xc obj_cc2538dk/queuebuf.o
 .data.neighbor_addr_mem
                0x200001bc        0xc obj_cc2538dk/nbr-table.o
 .data.link_stats_struct
                0x200001c8       0x10 obj_cc2538dk/link-stats.o
 .data.metadata_memb
                0x200001d8        0xc obj_cc2538dk/csma.o
 .data.neighbor_memb
                0x200001e4        0xc obj_cc2538dk/csma.o
 .data.packet_memb
                0x200001f0        0xc obj_cc2538dk/csma.o
 .data.udp_client_process
                0x200001fc       0x10 e-health.co
                0x200001fc                udp_client_process
 .data.mac_pan_id
                0x2000020c        0x2 obj_cc2538dk/frame802154.o
 .data.send_on_cca
                0x2000020e        0x1 obj_cc2538dk/cc2538-rf.o
 .data.rf_channel
                0x2000020f        0x1 obj_cc2538dk/cc2538-rf.o
 .data.dao_sequence
                0x20000210        0x1 obj_cc2538dk/rpl-icmp6.o
                0x20000211                _edata = .
                0x0020a7cc                _ldata = LOADADDR (.data)

.igot.plt       0x20000214        0x0 load address 0x0020a99d
 .igot.plt      0x20000214        0x0 obj_cc2538dk/startup-gcc.o

.ARM.exidx      0x0020a9a0        0x8
 *(SORT(.ARM.exidx*))
 .ARM.exidx     0x0020a9a0        0x8 /usr/lib/gcc/arm-none-eabi/4.9.3/armv7-m/libgcc.a(_divdi3.o)
 .ARM.exidx     0x0020a9a8        0x0 /usr/lib/gcc/arm-none-eabi/4.9.3/armv7-m/libgcc.a(_udivdi3.o)
                                  0x8 (size before relaxing)

.bss            0x20000218     0x2a73
                0x20000218                _bss = .
 *(SORT(.bss*))
 .bss.rt_ticks_startup
                0x20000218        0x8 obj_cc2538dk/clock.o
 .bss.rt_ticks_epoch
                0x20000220        0x8 obj_cc2538dk/clock.o
 .bss.i.4722    0x20000228        0x4 obj_cc2538dk/sensors.o
 .bss.events.4723
                0x2000022c        0x4 obj_cc2538dk/sensors.o
 .bss.debouncetimer
                0x20000230        0x8 obj_cc2538dk/button-sensor.o
 .bss.next_trigger
                0x20000238        0x4 obj_cc2538dk/rtimer-arch.o
 .bss.input_handler
                0x2000023c        0x8 obj_cc2538dk/uart.o
 .bss.interrupt_disable
                0x20000244        0x4 obj_cc2538dk/nvic.o
 .bss.interrupt_pend
                0x20000248        0x4 obj_cc2538dk/nvic.o
 .bss.interrupt_unpend
                0x2000024c        0x4 obj_cc2538dk/nvic.o
 .bss.interrupt_enable
                0x20000250        0x4 obj_cc2538dk/nvic.o
 .bss.gpio_callbacks
                0x20000254       0x80 obj_cc2538dk/gpio.o
 .bss.ioc_sel   0x200002d4        0x4 obj_cc2538dk/ioc.o
 .bss.ioc_over  0x200002d8        0x4 obj_cc2538dk/ioc.o
 .bss.notification_process
                0x200002dc        0x4 obj_cc2538dk/crypto.o
 .bss.notification_process
                0x200002e0        0x4 obj_cc2538dk/pka.o
 .bss.ctimer_list_list
                0x200002e4        0x4 obj_cc2538dk/ctimer.o
 .bss.timerlist
                0x200002e8        0x4 obj_cc2538dk/etimer.o
 .bss.next_expiration
                0x200002ec        0x4 obj_cc2538dk/etimer.o
 .bss.process_current
                0x200002f0        0x4 obj_cc2538dk/process.o
                0x200002f0                process_current
 .bss.process_list
                0x200002f4        0x4 obj_cc2538dk/process.o
                0x200002f4                process_list
 .bss.events    0x200002f8      0x180 obj_cc2538dk/process.o
 .bss.next_rtimer
                0x20000478        0x4 obj_cc2538dk/rtimer.o
 .bss.rxbuf     0x2000047c        0x8 obj_cc2538dk/serial-line.o
 .bss.ptr.4707  0x20000484        0x4 obj_cc2538dk/serial-line.o
 .bss.echo_reply_callback_list_list
                0x20000488        0x4 obj_cc2538dk/uip-icmp6.o
 .bss.input_handler_list_list
                0x2000048c        0x4 obj_cc2538dk/uip-icmp6.o
 .bss.locmaddr  0x20000490        0x4 obj_cc2538dk/uip-ds6.o
 .bss.locprefix
                0x20000494        0x4 obj_cc2538dk/uip-ds6.o
 .bss.locaddr   0x20000498        0x4 obj_cc2538dk/uip-ds6.o
 .bss.defaultroutermemb_memb_mem
                0x2000049c       0x40 obj_cc2538dk/uip-ds6-route.o
 .bss.num_routes
                0x200004dc        0x4 obj_cc2538dk/uip-ds6-route.o
 .bss.defaultrouterlist_list
                0x200004e0        0x4 obj_cc2538dk/uip-ds6-route.o
 .bss._nbr_routes_mem
                0x200004e4       0x50 obj_cc2538dk/uip-ds6-route.o
 .bss.routelist_list
                0x20000534        0x4 obj_cc2538dk/uip-ds6-route.o
 .bss.routememb_memb_mem
                0x20000538      0x320 obj_cc2538dk/uip-ds6-route.o
 .bss.neighborroutememb_memb_mem
                0x20000858       0xa0 obj_cc2538dk/uip-ds6-route.o
 .bss.notificationlist_list
                0x200008f8        0x4 obj_cc2538dk/uip-ds6-route.o
 .bss.context   0x200008fc        0x4 obj_cc2538dk/sicslowpan.o
 .bss.last_rssi
                0x20000900        0x4 obj_cc2538dk/sicslowpan.o
 .bss.hc06_ptr  0x20000904        0x4 obj_cc2538dk/sicslowpan.o
 .bss.packetbuf_ptr
                0x20000908        0x4 obj_cc2538dk/sicslowpan.o
 .bss.packetbuf_payload_len
                0x2000090c        0x4 obj_cc2538dk/sicslowpan.o
 .bss.last_tx_status
                0x20000910        0x4 obj_cc2538dk/sicslowpan.o
 .bss.callback  0x20000914        0x4 obj_cc2538dk/sicslowpan.o
 .bss.frag_info
                0x20000918      0x170 obj_cc2538dk/sicslowpan.o
 .bss.s         0x20000a88       0x44 obj_cc2538dk/tcpip.o
 .bss.periodic  0x20000acc       0x10 obj_cc2538dk/tcpip.o
 .bss.outputfunc
                0x20000adc        0x4 obj_cc2538dk/tcpip.o
 .bss.periodic_timer
                0x20000ae0       0x20 obj_cc2538dk/rpl-nbr-policy.o
 .bss.timer_init
                0x20000b00        0x4 obj_cc2538dk/rpl-nbr-policy.o
 .bss.num_children
                0x20000b04        0x4 obj_cc2538dk/rpl-nbr-policy.o
 .bss.worst_rank_nbr
                0x20000b08        0x4 obj_cc2538dk/rpl-nbr-policy.o
 .bss.num_free  0x20000b0c        0x4 obj_cc2538dk/rpl-nbr-policy.o
 .bss.num_parents
                0x20000b10        0x4 obj_cc2538dk/rpl-nbr-policy.o
 .bss._rpl_parents_mem
                0x20000b14       0x50 obj_cc2538dk/rpl-dag.o
 .bss.periodic_timer
                0x20000b64       0x20 obj_cc2538dk/rpl-timers.o
 .bss.num_nodes
                0x20000b84        0x4 obj_cc2538dk/rpl-ns.o
 .bss.nodememb_memb_mem
                0x20000b88      0x3c0 obj_cc2538dk/rpl-ns.o
 .bss.nodelist_list
                0x20000f48        0x4 obj_cc2538dk/rpl-ns.o
 .bss.bufmem_memb_mem
                0x20000f4c       0x20 obj_cc2538dk/queuebuf.o
 .bss.nbr_table_keys_list
                0x20000f6c        0x4 obj_cc2538dk/nbr-table.o
 .bss.neighbor_addr_mem_memb_mem
                0x20000f70       0x78 obj_cc2538dk/nbr-table.o
 .bss.all_tables
                0x20000fe8       0x20 obj_cc2538dk/nbr-table.o
 .bss.num_tables
                0x20001008        0x4 obj_cc2538dk/nbr-table.o
 .bss.packetbuf_aligned
                0x2000100c       0x80 obj_cc2538dk/packetbuf.o
 .bss._link_stats_mem
                0x2000108c       0x78 obj_cc2538dk/link-stats.o
 .bss.received_seqnos
                0x20001104      0x100 obj_cc2538dk/mac-sequence.o
 .bss.metadata_memb_memb_mem
                0x20001204       0x60 obj_cc2538dk/csma.o
 .bss.neighbor_list_list
                0x20001264        0x4 obj_cc2538dk/csma.o
 .bss.packet_memb_memb_mem
                0x20001268       0x60 obj_cc2538dk/csma.o
 .bss.neighbor_memb_memb_mem
                0x200012c8       0x70 obj_cc2538dk/csma.o
 .bss.cmd_cnt   0x20001338        0x4 e-health.co
 .bss.client_conn
                0x2000133c        0x4 e-health.co
 .bss.periodic.7834
                0x20001340       0x10 e-health.co
 .bss.tmp_ipaddr
                0x20001350       0x10 obj_cc2538dk/uip-icmp6.o
 .bss.loc_fipaddr
                0x20001360       0x10 obj_cc2538dk/uip-ds6.o
 .bss.lastport  0x20001370        0x2 obj_cc2538dk/uip6.o
 .bss._ds6_neighbors_mem
                0x20001372       0xb4 obj_cc2538dk/uip-ds6-nbr.o
 .bss.my_tag    0x20001426        0x2 obj_cc2538dk/sicslowpan.o
 .bss.worst_rank
                0x20001428        0x2 obj_cc2538dk/rpl-nbr-policy.o
 .bss.next_dis  0x2000142a        0x2 obj_cc2538dk/rpl-timers.o
 .bss.buframmem_memb_mem
                0x2000142c      0x580 obj_cc2538dk/queuebuf.o
 .bss.buflen    0x200019ac        0x2 obj_cc2538dk/packetbuf.o
 .bss.bufptr    0x200019ae        0x2 obj_cc2538dk/packetbuf.o
 .bss.seqno.6271
                0x200019b0        0x2 obj_cc2538dk/csma.o
 .bss.server_ipaddr
                0x200019b2       0x10 e-health.co
 .bss.msg       0x200019c2       0x12 e-health.co
 .bss.counter   0x200019d4        0x2 e-health.co
 .bss.leds      0x200019d6        0x1 obj_cc2538dk/leds.o
 .bss.num_sensors
                0x200019d7        0x1 obj_cc2538dk/sensors.o
 .bss.crc_corr  0x200019d8        0x1 obj_cc2538dk/cc2538-rf.o
 .bss.rssi      0x200019d9        0x1 obj_cc2538dk/cc2538-rf.o
 .bss.poll_mode
                0x200019da        0x1 obj_cc2538dk/cc2538-rf.o
 .bss.rf_flags  0x200019db        0x1 obj_cc2538dk/cc2538-rf.o
 .bss.initialized
                0x200019dc        0x1 obj_cc2538dk/ctimer.o
 .bss.fevent    0x200019dd        0x1 obj_cc2538dk/process.o
 .bss.nevents   0x200019de        0x1 obj_cc2538dk/process.o
 .bss.poll_requested
                0x200019df        0x1 obj_cc2538dk/process.o
 .bss.lastevent
                0x200019e0        0x1 obj_cc2538dk/process.o
 .bss.overflow.4700
                0x200019e1        0x1 obj_cc2538dk/serial-line.o
 .bss.rxbuf_data
                0x200019e2       0x80 obj_cc2538dk/serial-line.o
 .bss.buf.4706  0x20001a62       0x80 obj_cc2538dk/serial-line.o
 .bss.defaultroutermemb_memb_count
                0x20001ae2        0x2 obj_cc2538dk/uip-ds6-route.o
 .bss.neighborroutememb_memb_count
                0x20001ae4       0x14 obj_cc2538dk/uip-ds6-route.o
 .bss.routememb_memb_count
                0x20001af8       0x14 obj_cc2538dk/uip-ds6-route.o
 .bss.uip_ext_len
                0x20001b0c        0x1 obj_cc2538dk/uip6.o
                0x20001b0c                uip_ext_len
 .bss.uip_ext_bitmap
                0x20001b0d        0x1 obj_cc2538dk/uip6.o
                0x20001b0d                uip_ext_bitmap
 .bss.iss       0x20001b0e        0x4 obj_cc2538dk/uip6.o
 .bss.uip_ext_opt_offset
                0x20001b12        0x1 obj_cc2538dk/uip6.o
                0x20001b12                uip_ext_opt_offset
 .bss.uncomp_hdr_len
                0x20001b13        0x1 obj_cc2538dk/sicslowpan.o
 .bss.addr_contexts
                0x20001b14        0xa obj_cc2538dk/sicslowpan.o
 .bss.frag_buf  0x20001b1e      0x54c obj_cc2538dk/sicslowpan.o
 .bss.packetbuf_hdr_len
                0x2000206a        0x1 obj_cc2538dk/sicslowpan.o
 .bss.dio_send_ok
                0x2000206b        0x1 obj_cc2538dk/rpl-timers.o
 .bss.mode      0x2000206c        0x1 obj_cc2538dk/rpl.o
 .bss.nodememb_memb_count
                0x2000206d       0x28 obj_cc2538dk/rpl-ns.o
 .bss.buframmem_memb_count
                0x20002095        0x8 obj_cc2538dk/queuebuf.o
 .bss.bufmem_memb_count
                0x2000209d        0x8 obj_cc2538dk/queuebuf.o
 .bss.neighbor_addr_mem_memb_count
                0x200020a5        0xa obj_cc2538dk/nbr-table.o
 .bss.locked_map
                0x200020af        0xa obj_cc2538dk/nbr-table.o
 .bss.used_map  0x200020b9        0xa obj_cc2538dk/nbr-table.o
 .bss.hdrlen    0x200020c3        0x1 obj_cc2538dk/packetbuf.o
 .bss.packet_memb_memb_count
                0x200020c4        0x8 obj_cc2538dk/csma.o
 .bss.initialized.6270
                0x200020cc        0x1 obj_cc2538dk/csma.o
 .bss.metadata_memb_memb_count
                0x200020cd        0x8 obj_cc2538dk/csma.o
 .bss.neighbor_memb_memb_count
                0x200020d5        0x2 obj_cc2538dk/csma.o
 .bss.mac_dsn   0x200020d7        0x1 obj_cc2538dk/framer-802154.o
 .bss.initialized
                0x200020d8        0x1 obj_cc2538dk/framer-802154.o
 .bss.rxbuf     0x200020d9        0x8 e-health.co
 *(SORT(COMMON))
 *fill*         0x200020e1        0x3 
 COMMON         0x200020e4      0x174 obj_cc2538dk/uip-ds6.o
                0x200020e4                uip_ds6_timer_ra
                0x200020ec                uip_ds6_if
                0x200021e4                uip_ds6_netif_addr_list_offset
                0x200021e5                uip_ds6_addr_size
                0x200021e8                uip_ds6_prefix_list
                0x20002248                uip_ds6_timer_periodic
 COMMON         0x20002258      0x878 obj_cc2538dk/uip6.o
                0x20002258                uip_len
                0x2000225c                uip_sappdata
                0x20002260                uip_acc32
                0x20002264                uip_lladdr
                0x2000226c                uip_aligned_buf
                0x20002780                uip_flags
                0x20002784                uip_next_hdr
                0x20002788                uip_udp_conn
                0x2000278c                uip_appdata
                0x20002790                uip_conn
                0x20002794                uip_conns
                0x20002974                uip_icmp6_conns
                0x2000297c                uip_listenports
                0x2000298c                uip_slen
                0x20002990                uip_udp_conns
 COMMON         0x20002ad0      0x158 obj_cc2538dk/rpl-dag.o
                0x20002ad0                default_instance
                0x20002ad4                instance_table
 COMMON         0x20002c28       0x20 obj_cc2538dk/link-stats.o
                0x20002c28                periodic_timer
 COMMON         0x20002c48       0x2e obj_cc2538dk/packetbuf.o
                0x20002c48                packetbuf_addrs
                0x20002c58                packetbuf_attrs
 COMMON         0x20002c76        0x1 obj_cc2538dk/sensors.o
                0x20002c76                sensors_event
 COMMON         0x20002c77        0x9 obj_cc2538dk/smartrf-sensors.o
                0x20002c77                sensors_flags
 COMMON         0x20002c80        0x1 obj_cc2538dk/serial-line.o
                0x20002c80                serial_line_event_message
 COMMON         0x20002c81        0x2 obj_cc2538dk/tcpip.o
                0x20002c81                tcpip_event
                0x20002c82                tcpip_icmp6_event
 COMMON         0x20002c83        0x8 obj_cc2538dk/linkaddr.o
                0x20002c83                linkaddr_node_addr
                0x20002c8b                _ebss = .

.stack          0x20002c90      0x800
 *(SORT(.stack))
 .stack         0x20002c90      0x800 obj_cc2538dk/startup-gcc.o
                0x20003490                _heap = .
                0x20008000                _eheap = (ORIGIN (FRSRAM) + LENGTH (FRSRAM))

.nrdata         0x20000000        0x0
                0x20000000                _nrdata = .
 *(SORT(.nrdata*))
                0x20000000                _enrdata = .

.flashcca       0x0027ffd4       0x2c
 *(SORT(.flashcca))
 .flashcca      0x0027ffd4       0x2c obj_cc2538dk/startup-gcc.o
                0x0027ffd4                flash_cca_lock_page
OUTPUT(e-health.elf elf32-littlearm)

.rel.dyn        0x00280000        0x0
 .rel.iplt      0x00280000        0x0 obj_cc2538dk/startup-gcc.o

.comment        0x00000000       0x70
 .comment       0x00000000       0x38 obj_cc2538dk/startup-gcc.o
                                 0x39 (size before relaxing)
 .comment       0x00000038       0x39 obj_cc2538dk/leds.o
 .comment       0x00000038       0x39 obj_cc2538dk/leds-arch.o
 .comment       0x00000038       0x39 obj_cc2538dk/contiki-main.o
 .comment       0x00000038       0x39 obj_cc2538dk/sensors.o
 .comment       0x00000038       0x39 obj_cc2538dk/smartrf-sensors.o
 .comment       0x00000038       0x39 obj_cc2538dk/button-sensor.o
 .comment       0x00000038       0x39 obj_cc2538dk/als-sensor.o
 .comment       0x00000038       0x39 obj_cc2538dk/soc.o
 .comment       0x00000038       0x39 obj_cc2538dk/clock.o
 .comment       0x00000038       0x39 obj_cc2538dk/rtimer-arch.o
 .comment       0x00000038       0x39 obj_cc2538dk/uart.o
 .comment       0x00000038       0x39 obj_cc2538dk/watchdog.o
 .comment       0x00000038       0x39 obj_cc2538dk/nvic.o
 .comment       0x00000038       0x39 obj_cc2538dk/cpu.o
 .comment       0x00000038       0x39 obj_cc2538dk/sys-ctrl.o
 .comment       0x00000038       0x39 obj_cc2538dk/gpio.o
 .comment       0x00000038       0x39 obj_cc2538dk/ioc.o
 .comment       0x00000038       0x39 obj_cc2538dk/adc.o
 .comment       0x00000038       0x39 obj_cc2538dk/crypto.o
 .comment       0x00000038       0x39 obj_cc2538dk/cc2538-rf.o
 .comment       0x00000038       0x39 obj_cc2538dk/udma.o
 .comment       0x00000038       0x39 obj_cc2538dk/pka.o
 .comment       0x00000038       0x39 obj_cc2538dk/dbg.o
 .comment       0x00000038       0x39 obj_cc2538dk/ieee-addr.o
 .comment       0x00000038       0x39 obj_cc2538dk/cc2538-temp-sensor.o
 .comment       0x00000038       0x39 obj_cc2538dk/vdd3-sensor.o
 .comment       0x00000038       0x39 obj_cc2538dk/dbg-printf.o
 .comment       0x00000038       0x39 obj_cc2538dk/strformat.o
 .comment       0x00000038       0x39 obj_cc2538dk/autostart.o
 .comment       0x00000038       0x39 obj_cc2538dk/ctimer.o
 .comment       0x00000038       0x39 obj_cc2538dk/energest.o
 .comment       0x00000038       0x39 obj_cc2538dk/stimer.o
 .comment       0x00000038       0x39 obj_cc2538dk/etimer.o
 .comment       0x00000038       0x39 obj_cc2538dk/process.o
 .comment       0x00000038       0x39 obj_cc2538dk/rtimer.o
 .comment       0x00000038       0x39 obj_cc2538dk/timer.o
 .comment       0x00000038       0x39 obj_cc2538dk/serial-line.o
 .comment       0x00000038       0x39 obj_cc2538dk/ringbuf.o
 .comment       0x00000038       0x39 obj_cc2538dk/list.o
 .comment       0x00000038       0x39 obj_cc2538dk/memb.o
 .comment       0x00000038       0x39 obj_cc2538dk/random.o
 .comment       0x00000038       0x39 obj_cc2538dk/uip-icmp6.o
 .comment       0x00000038       0x39 obj_cc2538dk/uip-ds6.o
 .comment       0x00000038       0x39 obj_cc2538dk/uip-ds6-route.o
 .comment       0x00000038       0x39 obj_cc2538dk/uip6.o
 .comment       0x00000038       0x39 obj_cc2538dk/uip-ds6-nbr.o
 .comment       0x00000038       0x39 obj_cc2538dk/uip-nd6.o
 .comment       0x00000038       0x39 obj_cc2538dk/sicslowpan.o
 .comment       0x00000038       0x39 obj_cc2538dk/uip-debug.o
 .comment       0x00000038       0x39 obj_cc2538dk/uip-udp-packet.o
 .comment       0x00000038       0x39 obj_cc2538dk/tcpip.o
 .comment       0x00000038       0x39 obj_cc2538dk/rpl-nbr-policy.o
 .comment       0x00000038       0x39 obj_cc2538dk/rpl-dag.o
 .comment       0x00000038       0x39 obj_cc2538dk/rpl-timers.o
 .comment       0x00000038       0x39 obj_cc2538dk/rpl-ext-header.o
 .comment       0x00000038       0x39 obj_cc2538dk/rpl.o
 .comment       0x00000038       0x39 obj_cc2538dk/rpl-mrhof.o
 .comment       0x00000038       0x39 obj_cc2538dk/rpl-ns.o
 .comment       0x00000038       0x39 obj_cc2538dk/rpl-icmp6.o
 .comment       0x00000038       0x39 obj_cc2538dk/queuebuf.o
 .comment       0x00000038       0x39 obj_cc2538dk/nbr-table.o
 .comment       0x00000038       0x39 obj_cc2538dk/packetbuf.o
 .comment       0x00000038       0x39 obj_cc2538dk/netstack.o
 .comment       0x00000038       0x39 obj_cc2538dk/linkaddr.o
 .comment       0x00000038       0x39 obj_cc2538dk/link-stats.o
 .comment       0x00000038       0x39 obj_cc2538dk/mac-sequence.o
 .comment       0x00000038       0x39 obj_cc2538dk/csma.o
 .comment       0x00000038       0x39 obj_cc2538dk/frame802154.o
 .comment       0x00000038       0x39 obj_cc2538dk/mac.o
 .comment       0x00000038       0x39 obj_cc2538dk/framer-802154.o
 .comment       0x00000038       0x39 obj_cc2538dk/nullrdc.o
 .comment       0x00000038       0x39 obj_cc2538dk/nullsec.o
 .comment       0x00000038       0x39 e-health.co
 .comment       0x00000038       0x39 /usr/lib/gcc/arm-none-eabi/4.9.3/armv7-m/libgcc.a(bpabi.o)
 .comment       0x00000038       0x39 /usr/lib/gcc/arm-none-eabi/4.9.3/armv7-m/libgcc.a(_divdi3.o)
 .comment       0x00000038       0x39 /usr/lib/gcc/arm-none-eabi/4.9.3/armv7-m/libgcc.a(_udivdi3.o)
 .comment       0x00000038       0x38 /usr/lib/gcc/arm-none-eabi/4.9.3/../../../arm-none-eabi/lib/armv7-m/libc.a(lib_a-memcmp.o)
                                 0x39 (size before relaxing)
 .comment       0x00000070       0x39 /usr/lib/gcc/arm-none-eabi/4.9.3/../../../arm-none-eabi/lib/armv7-m/libc.a(lib_a-memmove.o)
 .comment       0x00000070       0x39 /usr/lib/gcc/arm-none-eabi/4.9.3/../../../arm-none-eabi/lib/armv7-m/libc.a(lib_a-memset.o)

.ARM.attributes
                0x00000000       0x31
 .ARM.attributes
                0x00000000       0x33 obj_cc2538dk/startup-gcc.o
 .ARM.attributes
                0x00000033       0x33 obj_cc2538dk/leds.o
 .ARM.attributes
                0x00000066       0x33 obj_cc2538dk/leds-arch.o
 .ARM.attributes
                0x00000099       0x33 obj_cc2538dk/contiki-main.o
 .ARM.attributes
                0x000000cc       0x33 obj_cc2538dk/sensors.o
 .ARM.attributes
                0x000000ff       0x33 obj_cc2538dk/smartrf-sensors.o
 .ARM.attributes
                0x00000132       0x33 obj_cc2538dk/button-sensor.o
 .ARM.attributes
                0x00000165       0x33 obj_cc2538dk/als-sensor.o
 .ARM.attributes
                0x00000198       0x33 obj_cc2538dk/soc.o
 .ARM.attributes
                0x000001cb       0x33 obj_cc2538dk/clock.o
 .ARM.attributes
                0x000001fe       0x33 obj_cc2538dk/rtimer-arch.o
 .ARM.attributes
                0x00000231       0x33 obj_cc2538dk/uart.o
 .ARM.attributes
                0x00000264       0x33 obj_cc2538dk/watchdog.o
 .ARM.attributes
                0x00000297       0x33 obj_cc2538dk/nvic.o
 .ARM.attributes
                0x000002ca       0x33 obj_cc2538dk/cpu.o
 .ARM.attributes
                0x000002fd       0x33 obj_cc2538dk/sys-ctrl.o
 .ARM.attributes
                0x00000330       0x33 obj_cc2538dk/gpio.o
 .ARM.attributes
                0x00000363       0x33 obj_cc2538dk/ioc.o
 .ARM.attributes
                0x00000396       0x33 obj_cc2538dk/adc.o
 .ARM.attributes
                0x000003c9       0x33 obj_cc2538dk/crypto.o
 .ARM.attributes
                0x000003fc       0x33 obj_cc2538dk/cc2538-rf.o
 .ARM.attributes
                0x0000042f       0x33 obj_cc2538dk/udma.o
 .ARM.attributes
                0x00000462       0x33 obj_cc2538dk/pka.o
 .ARM.attributes
                0x00000495       0x33 obj_cc2538dk/dbg.o
 .ARM.attributes
                0x000004c8       0x33 obj_cc2538dk/ieee-addr.o
 .ARM.attributes
                0x000004fb       0x33 obj_cc2538dk/cc2538-temp-sensor.o
 .ARM.attributes
                0x0000052e       0x33 obj_cc2538dk/vdd3-sensor.o
 .ARM.attributes
                0x00000561       0x33 obj_cc2538dk/dbg-printf.o
 .ARM.attributes
                0x00000594       0x33 obj_cc2538dk/strformat.o
 .ARM.attributes
                0x000005c7       0x33 obj_cc2538dk/autostart.o